<html>
<body>
<pre>
<h1>µVision Build Log</h1>
<h2>Tool Versions:</h2>
IDE-Version: ¦ÌVision V5.24.2.0
Copyright (C) 2017 ARM Ltd and ARM Germany GmbH. All rights reserved.
License Information: w u, hainu, LIC=03C6R-KNAEI-01XP1-CGQXQ-5UIXU-1H44H
 
Tool Versions:
Toolchain:       MDK-ARM Plus  Version: 5.24.1
Toolchain Path:  D:\keil_5\ARM\ARMCC\Bin
C Compiler:      Armcc.exe V5.06 update 5 (build 528)
Assembler:       Armasm.exe V5.06 update 5 (build 528)
Linker/Locator:  ArmLink.exe V5.06 update 5 (build 528)
Library Manager: ArmAr.exe V5.06 update 5 (build 528)
Hex Converter:   FromElf.exe V5.06 update 5 (build 528)
CPU DLL:         SARMCM3.DLL V5.24.1
Dialog DLL:      DCM.DLL V1.16.0.0
Target DLL:      CMSIS_AGDI.dll V1.28.3.0
Dialog DLL:      TCM.DLL V1.32.0.0
 
<h2>Project:</h2>
e:\MyFile\rct6-wifi-sensor -V5.2-G - ¸±±¾(1)\MDK-ARM\rct6-wifi-sensor.uvprojx
Project File Date:  03/16/2026

<h2>Output:</h2>
*** Using Compiler 'V5.06 update 5 (build 528)', folder: 'D:\keil_5\ARM\ARMCC\Bin'
Build target 'rct6-wifi-sensor'
compiling main.c...
../Core/Src/main.c(117): warning:  #177-D: variable "cmd1"  was declared but never referenced
  	char cmd1[200];
../Core/Src/main.c(119): warning:  #177-D: variable "serial_number"  was declared but never referenced
  	uint16_t serial_number=0;
../Core/Src/main.c(120): warning:  #177-D: variable "hmi_brightness"  was declared but never referenced
  	uint8_t hmi_brightness=0x64;
../Core/Src/main.c(304): warning:  #167-D: argument of type "uint8_t *" is incompatible with parameter of type "char *"
  							Write_Buff(rx1.recvbuff,rx1.buff);
../Core/Src/main.c(307): warning:  #167-D: argument of type "uint8_t *" is incompatible with parameter of type "char *"
  						else	Write_Buff(rx1.cbuff,rx1.buff);							
../Core/Src/main.c(444): warning:  #111-D: statement is unreachable
  		cnt_timer[1]++;
../Core/Src/main.c(103): warning:  #177-D: variable "WIFI_MANUAL_CONNECT_ONLY"  was declared but never referenced
  static const uint8_t WIFI_MANUAL_CONNECT_ONLY = 1;
../Core/Src/main.c: 7 warnings, 0 errors
compiling uart_hmi.c...
..\Core\Src\uart_hmi.c(255): warning:  #870-D: invalid multibyte character sequence
  					if(
RINTTEST2) 
rintf_U3("  ï¿½ï¿½ï¿½ï¿½ï¿½ï¿½ï¿½ï¿½Ñ»ï¿½È?!\r\n");
..\Core\Src\uart_hmi.c(320): warning:  #870-D: invalid multibyte character sequence
  		if(
RINTTEST1) 
rintf_U3("ï¿½ï¿½ï¿½ï¿½ï¿½ï¿½ï¿½ï¿½Ñ´æ´?!\r\n");
..\Core\Src\uart_hmi.c: 2 warnings, 0 errors
linking...
Program Size: Code=16900 RO-data=464 RW-data=148 ZI-data=7068  
FromELF: creating hex file...
"rct6-wifi-sensor\rct6-wifi-sensor.axf" - 0 Error(s), 9 Warning(s).

<h2>Software Packages used:</h2>

Package Vendor: ARM
                http://www.keil.com/pack/ARM.CMSIS.5.0.1.pack
                ARM.CMSIS.5.0.1
                CMSIS (Cortex Microcontroller Software Interface Standard)
   * Component: CORE Version: 5.0.1

Package Vendor: Keil
                http://www.keil.com/pack/Keil.STM32F1xx_DFP.2.2.0.pack
                Keil.STM32F1xx_DFP.2.2.0
                STMicroelectronics STM32F1 Series Device Support, Drivers and Examples

<h2>Collection of Component include folders:</h2>
  .\RTE\_rct6-wifi-sensor
  D:\keil_5\ARM\PACK\ARM\CMSIS\5.0.1\CMSIS\Include
  D:\keil_5\ARM\PACK\Keil\STM32F1xx_DFP\2.2.0\Device\Include

<h2>Collection of Component Files used:</h2>

   * Component: ARM::CMSIS:CORE:5.0.1
Build Time Elapsed:  00:00:01
</pre>
</body>
</html>
