Component: ARM Compiler 5.06 update 5 (build 528) Tool: armlink [4d35e2]

==============================================================================

Section Cross References

    startup_stm32f103xe.o(RESET) refers to startup_stm32f103xe.o(STACK) for __initial_sp
    startup_stm32f103xe.o(RESET) refers to startup_stm32f103xe.o(.text) for Reset_Handler
    startup_stm32f103xe.o(RESET) refers to stm32f1xx_it.o(i.NMI_Handler) for NMI_Handler
    startup_stm32f103xe.o(RESET) refers to stm32f1xx_it.o(i.HardFault_Handler) for HardFault_Handler
    startup_stm32f103xe.o(RESET) refers to stm32f1xx_it.o(i.MemManage_Handler) for MemManage_Handler
    startup_stm32f103xe.o(RESET) refers to stm32f1xx_it.o(i.BusFault_Handler) for BusFault_Handler
    startup_stm32f103xe.o(RESET) refers to stm32f1xx_it.o(i.UsageFault_Handler) for UsageFault_Handler
    startup_stm32f103xe.o(RESET) refers to stm32f1xx_it.o(i.SVC_Handler) for SVC_Handler
    startup_stm32f103xe.o(RESET) refers to stm32f1xx_it.o(i.DebugMon_Handler) for DebugMon_Handler
    startup_stm32f103xe.o(RESET) refers to stm32f1xx_it.o(i.PendSV_Handler) for PendSV_Handler
    startup_stm32f103xe.o(RESET) refers to stm32f1xx_it.o(i.SysTick_Handler) for SysTick_Handler
    startup_stm32f103xe.o(RESET) refers to stm32f1xx_it.o(i.DMA1_Channel3_IRQHandler) for DMA1_Channel3_IRQHandler
    startup_stm32f103xe.o(RESET) refers to stm32f1xx_it.o(i.DMA1_Channel5_IRQHandler) for DMA1_Channel5_IRQHandler
    startup_stm32f103xe.o(RESET) refers to stm32f1xx_it.o(i.DMA1_Channel6_IRQHandler) for DMA1_Channel6_IRQHandler
    startup_stm32f103xe.o(RESET) refers to stm32f1xx_it.o(i.USART1_IRQHandler) for USART1_IRQHandler
    startup_stm32f103xe.o(RESET) refers to stm32f1xx_it.o(i.USART2_IRQHandler) for USART2_IRQHandler
    startup_stm32f103xe.o(RESET) refers to stm32f1xx_it.o(i.USART3_IRQHandler) for USART3_IRQHandler
    startup_stm32f103xe.o(RESET) refers to stm32f1xx_it.o(i.EXTI15_10_IRQHandler) for EXTI15_10_IRQHandler
    startup_stm32f103xe.o(RESET) refers to stm32f1xx_it.o(i.UART4_IRQHandler) for UART4_IRQHandler
    startup_stm32f103xe.o(RESET) refers to stm32f1xx_it.o(i.UART5_IRQHandler) for UART5_IRQHandler
    startup_stm32f103xe.o(RESET) refers to stm32f1xx_it.o(i.TIM6_IRQHandler) for TIM6_IRQHandler
    startup_stm32f103xe.o(RESET) refers to stm32f1xx_it.o(i.TIM7_IRQHandler) for TIM7_IRQHandler
    startup_stm32f103xe.o(RESET) refers to stm32f1xx_it.o(i.DMA2_Channel3_IRQHandler) for DMA2_Channel3_IRQHandler
    startup_stm32f103xe.o(.text) refers to system_stm32f1xx.o(i.SystemInit) for SystemInit
    startup_stm32f103xe.o(.text) refers to entry.o(.ARM.Collect$$$$00000000) for __main
    main.o(i.HAL_GPIO_EXTI_Callback) refers to i2c.o(i.delay_ms) for delay_ms
    main.o(i.HAL_GPIO_EXTI_Callback) refers to stm32f1xx_hal_gpio.o(i.HAL_GPIO_ReadPin) for HAL_GPIO_ReadPin
    main.o(i.HAL_GPIO_EXTI_Callback) refers to main.o(.data) for .data
    main.o(i.HAL_TIM_PeriodElapsedCallback) refers to stm32f1xx_hal_iwdg.o(i.HAL_IWDG_Refresh) for HAL_IWDG_Refresh
    main.o(i.HAL_TIM_PeriodElapsedCallback) refers to stm32f1xx_hal_tim.o(i.HAL_TIM_Base_Stop_IT) for HAL_TIM_Base_Stop_IT
    main.o(i.HAL_TIM_PeriodElapsedCallback) refers to printfa.o(i.__0printf) for __2printf
    main.o(i.HAL_TIM_PeriodElapsedCallback) refers to main.o(.data) for .data
    main.o(i.HAL_TIM_PeriodElapsedCallback) refers to main.o(.bss) for .bss
    main.o(i.HAL_TIM_PeriodElapsedCallback) refers to iwdg.o(.bss) for hiwdg
    main.o(i.HAL_TIM_PeriodElapsedCallback) refers to mqtt.o(.data) for flag_timeout
    main.o(i.HAL_TIM_PeriodElapsedCallback) refers to tim.o(.bss) for htim7
    main.o(i.HAL_TIM_PeriodElapsedCallback) refers to usart.o(.bss) for huart3
    main.o(i.HAL_TIM_PeriodElapsedCallback) refers to usart.o(.data) for current_huart
    main.o(i.HAL_UARTEx_RxEventCallback) refers to stm32f1xx_hal_uart.o(i.HAL_UARTEx_ReceiveToIdle_DMA) for HAL_UARTEx_ReceiveToIdle_DMA
    main.o(i.HAL_UARTEx_RxEventCallback) refers to main.o(i.debug_print_wifi_rx) for debug_print_wifi_rx
    main.o(i.HAL_UARTEx_RxEventCallback) refers to main.o(i.Write_Buff) for Write_Buff
    main.o(i.HAL_UARTEx_RxEventCallback) refers to memseta.o(.text) for __aeabi_memclr
    main.o(i.HAL_UARTEx_RxEventCallback) refers to main.o(i.data_copy_int) for data_copy_int
    main.o(i.HAL_UARTEx_RxEventCallback) refers to stm32f1xx_hal_uart.o(i.HAL_UART_Transmit) for HAL_UART_Transmit
    main.o(i.HAL_UARTEx_RxEventCallback) refers to memcpya.o(.text) for __aeabi_memcpy
    main.o(i.HAL_UARTEx_RxEventCallback) refers to main.o(i.debug_print_hmi_rx) for debug_print_hmi_rx
    main.o(i.HAL_UARTEx_RxEventCallback) refers to uart_hmi.o(i.hmi_data_order) for hmi_data_order
    main.o(i.HAL_UARTEx_RxEventCallback) refers to stm32f1xx_hal_uart.o(i.HAL_UARTEx_ReceiveToIdle_IT) for HAL_UARTEx_ReceiveToIdle_IT
    main.o(i.HAL_UARTEx_RxEventCallback) refers to main.o(.bss) for .bss
[...]
    ../Drivers/STM32F1xx_HAL_Driver/Src/stm32f1xx_hal_tim_ex.c 0x00000000   Number         0  stm32f1xx_hal_tim_ex.o ABSOLUTE
    ../Drivers/STM32F1xx_HAL_Driver/Src/stm32f1xx_hal_uart.c 0x00000000   Number         0  stm32f1xx_hal_uart.o ABSOLUTE
    ../clib/microlib/division.c              0x00000000   Number         0  uidiv.o ABSOLUTE
    ../clib/microlib/division.c              0x00000000   Number         0  uldiv.o ABSOLUTE
    ../clib/microlib/init/entry.s            0x00000000   Number         0  entry11b.o ABSOLUTE
    ../clib/microlib/init/entry.s            0x00000000   Number         0  entry2.o ABSOLUTE
    ../clib/microlib/init/entry.s            0x00000000   Number         0  entry10a.o ABSOLUTE
    ../clib/microlib/init/entry.s            0x00000000   Number         0  entry10b.o ABSOLUTE
    ../clib/microlib/init/entry.s            0x00000000   Number         0  entry5.o ABSOLUTE
    ../clib/microlib/init/entry.s            0x00000000   Number         0  entry7a.o ABSOLUTE
    ../clib/microlib/init/entry.s            0x00000000   Number         0  entry9b.o ABSOLUTE
    ../clib/microlib/init/entry.s            0x00000000   Number         0  entry.o ABSOLUTE
    ../clib/microlib/init/entry.s            0x00000000   Number         0  entry8b.o ABSOLUTE
    ../clib/microlib/init/entry.s            0x00000000   Number         0  entry11a.o ABSOLUTE
    ../clib/microlib/init/entry.s            0x00000000   Number         0  entry9a.o ABSOLUTE
    ../clib/microlib/init/entry.s            0x00000000   Number         0  entry7b.o ABSOLUTE
    ../clib/microlib/init/entry.s            0x00000000   Number         0  entry8a.o ABSOLUTE
    ../clib/microlib/longlong.c              0x00000000   Number         0  llsshr.o ABSOLUTE
    ../clib/microlib/longlong.c              0x00000000   Number         0  llshl.o ABSOLUTE
    ../clib/microlib/longlong.c              0x00000000   Number         0  llushr.o ABSOLUTE
    ../clib/microlib/printf/printf.c         0x00000000   Number         0  printfa.o ABSOLUTE
    ../clib/microlib/printf/printf.c         0x00000000   Number         0  printf7.o ABSOLUTE
    ../clib/microlib/printf/printf.c         0x00000000   Number         0  printf6.o ABSOLUTE
    ../clib/microlib/printf/printf.c         0x00000000   Number         0  printf8.o ABSOLUTE
    ../clib/microlib/printf/printf.c         0x00000000   Number         0  printf5.o ABSOLUTE
    ../clib/microlib/printf/printf.c         0x00000000   Number         0  printf4.o ABSOLUTE
    ../clib/microlib/printf/printf.c         0x00000000   Number         0  printf3.o ABSOLUTE
    ../clib/microlib/printf/printf.c         0x00000000   Number         0  printf2.o ABSOLUTE
    ../clib/microlib/printf/printf.c         0x00000000   Number         0  printf1.o ABSOLUTE
    ../clib/microlib/printf/printf.c         0x00000000   Number         0  printf0.o ABSOLUTE
    ../clib/microlib/printf/printf.c         0x00000000   Number         0  printfb.o ABSOLUTE
    ../clib/microlib/printf/stubs.s          0x00000000   Number         0  stubs.o ABSOLUTE
    ../clib/microlib/stdio/streams.c         0x00000000   Number         0  stdout.o ABSOLUTE
    ../clib/microlib/string/memcpy.c         0x00000000   Number         0  memcpyb.o ABSOLUTE
    ../clib/microlib/string/memcpy.c         0x00000000   Number         0  memcpya.o ABSOLUTE
    ../clib/microlib/string/memset.c         0x00000000   Number         0  memseta.o ABSOLUTE
    ../clib/microlib/string/strcat.c         0x00000000   Number         0  strcat.o ABSOLUTE
    ../clib/microlib/stubs.s                 0x00000000   Number         0  iusefp.o ABSOLUTE
    ../fplib/microlib/d2f.c                  0x00000000   Number         0  d2f.o ABSOLUTE
    ../fplib/microlib/f2d.c                  0x00000000   Number         0  f2d.o ABSOLUTE
    ../fplib/microlib/fpadd.c                0x00000000   Number         0  dadd.o ABSOLUTE
    ../fplib/microlib/fpdiv.c                0x00000000   Number         0  ddiv.o ABSOLUTE
    ../fplib/microlib/fpepilogue.c           0x00000000   Number         0  depilogue.o ABSOLUTE
    ../fplib/microlib/fpepilogue.c           0x00000000   Number         0  fepilogue.o ABSOLUTE
    ../fplib/microlib/fpfix.c                0x00000000   Number         0  dfixul.o ABSOLUTE
    ../fplib/microlib/fpfix.c                0x00000000   Number         0  ffixui.o ABSOLUTE
    ../fplib/microlib/fpfix.c                0x00000000   Number         0  dfixui.o ABSOLUTE
    ../fplib/microlib/fpflt.c                0x00000000   Number         0  ffltui.o ABSOLUTE
    ../fplib/microlib/fpflt.c                0x00000000   Number         0  dfltui.o ABSOLUTE
    ../fplib/microlib/fpmul.c                0x00000000   Number         0  dmul.o ABSOLUTE
    ../fplib/microlib/fpmul.c                0x00000000   Number         0  fmul.o ABSOLUTE
    ..\Core\Src\dma.c                        0x00000000   Number         0  dma.o ABSOLUTE
    ..\Core\Src\gpio.c                       0x00000000   Number         0  gpio.o ABSOLUTE
    ..\Core\Src\i2c.c                        0x00000000   Number         0  i2c.o ABSOLUTE
    ..\Core\Src\i2c_am2320.c                 0x00000000   Number         0  i2c_am2320.o ABSOLUTE
    ..\Core\Src\i2c_eeprom.c                 0x00000000   Number         0  i2c_eeprom.o ABSOLUTE
    ..\Core\Src\i2c_ens160.c                 0x00000000   Number         0  i2c_ens160.o ABSOLUTE
    ..\Core\Src\i2c_sht40.c                  0x00000000   Number         0  i2c_sht40.o ABSOLUTE
    ..\Core\Src\iwdg.c                       0x00000000   Number         0  iwdg.o ABSOLUTE
    ..\Core\Src\main.c                       0x00000000   Number         0  main.o ABSOLUTE
    ..\Core\Src\mqtt.c                       0x00000000   Number         0  mqtt.o ABSOLUTE
    ..\Core\Src\rtc.c                        0x00000000   Number         0  rtc.o ABSOLUTE
    ..\Core\Src\stm32f1xx_hal_msp.c          0x00000000   Number         0  stm32f1xx_hal_msp.o ABSOLUTE
    ..\Core\Src\stm32f1xx_it.c               0x00000000   Number         0  stm32f1xx_it.o ABSOLUTE
    ..\Core\Src\system_stm32f1xx.c           0x00000000   Number         0  system_stm32f1xx.o ABSOLUTE
    ..\Core\Src\tim.c                        0x00000000   Number         0  tim.o ABSOLUTE
    ..\Core\Src\uart_hmi.c                   0x00000000   Number         0  uart_hmi.o ABSOLUTE
    ..\Core\Src\uart_ms5524m.c               0x00000000   Number         0  uart_ms5524m.o ABSOLUTE
    ..\Core\Src\uart_pms7003.c               0x00000000   Number         0  uart_pms7003.o ABSOLUTE
    ..\Core\Src\usart.c                      0x00000000   Number         0  usart.o ABSOLUTE
    ..\Core\Src\wifi.c                       0x00000000   Number         0  wifi.o ABSOLUTE
    ..\Drivers\STM32F1xx_HAL_Driver\Src\stm32f1xx_hal.c 0x00000000   Number         0  stm32f1xx_hal.o ABSOLUTE
    ..\Drivers\STM32F1xx_HAL_Driver\Src\stm32f1xx_hal_cortex.c 0x00000000   Number         0  stm32f1xx_hal_cortex.o ABSOLUTE
    ..\Drivers\STM32F1xx_HAL_Driver\Src\stm32f1xx_hal_dma.c 0x00000000   Number         0  stm32f1xx_hal_dma.o ABSOLUTE
    ..\Drivers\STM32F1xx_HAL_Driver\Src\stm32f1xx_hal_exti.c 0x00000000   Number         0  stm32f1xx_hal_exti.o ABSOLUTE
    ..\Drivers\STM32F1xx_HAL_Driver\Src\stm32f1xx_hal_flash.c 0x00000000   Number         0  stm32f1xx_hal_flash.o ABSOLUTE
    ..\Drivers\STM32F1xx_HAL_Driver\Src\stm32f1xx_hal_flash_ex.c 0x00000000   Number         0  stm32f1xx_hal_flash_ex.o ABSOLUTE
    ..\Drivers\STM32F1xx_HAL_Driver\Src\stm32f1xx_hal_gpio.c 0x00000000   Number         0  stm32f1xx_hal_gpio.o ABSOLUTE
    ..\Drivers\STM32F1xx_HAL_Driver\Src\stm32f1xx_hal_gpio_ex.c 0x00000000   Number         0  stm32f1xx_hal_gpio_ex.o ABSOLUTE
    ..\Drivers\STM32F1xx_HAL_Driver\Src\stm32f1xx_hal_i2c.c 0x00000000   Number         0  stm32f1xx_hal_i2c.o ABSOLUTE
    ..\Drivers\STM32F1xx_HAL_Driver\Src\stm32f1xx_hal_iwdg.c 0x00000000   Number         0  stm32f1xx_hal_iwdg.o ABSOLUTE
    ..\Drivers\STM32F1xx_HAL_Driver\Src\stm32f1xx_hal_pwr.c 0x00000000   Number         0  stm32f1xx_hal_pwr.o ABSOLUTE
    ..\Drivers\STM32F1xx_HAL_Driver\Src\stm32f1xx_hal_rcc.c 0x00000000   Number         0  stm32f1xx_hal_rcc.o ABSOLUTE
    ..\Drivers\STM32F1xx_HAL_Driver\Src\stm32f1xx_hal_rcc_ex.c 0x00000000   Number         0  stm32f1xx_hal_rcc_ex.o ABSOLUTE
    ..\Drivers\STM32F1xx_HAL_Driver\Src\stm32f1xx_hal_rtc.c 0x00000000   Number         0  stm32f1xx_hal_rtc.o ABSOLUTE
    ..\Drivers\STM32F1xx_HAL_Driver\Src\stm32f1xx_hal_rtc_ex.c 0x00000000   Number         0  stm32f1xx_hal_rtc_ex.o ABSOLUTE
    ..\Drivers\STM32F1xx_HAL_Driver\Src\stm32f1xx_hal_tim.c 0x00000000   Number         0  stm32f1xx_hal_tim.o ABSOLUTE
    ..\Drivers\STM32F1xx_HAL_Driver\Src\stm32f1xx_hal_tim_ex.c 0x00000000   Number         0  stm32f1xx_hal_tim_ex.o ABSOLUTE
    ..\Drivers\STM32F1xx_HAL_Driver\Src\stm32f1xx_hal_uart.c 0x00000000   Number         0  stm32f1xx_hal_uart.o ABSOLUTE
    ..\\Core\\Src\\i2c.c                     0x00000000   Number         0  i2c.o ABSOLUTE
    ..\\Core\\Src\\i2c_am2320.c              0x00000000   Number         0  i2c_am2320.o ABSOLUTE
    ..\\Core\\Src\\i2c_eeprom.c              0x00000000   Number         0  i2c_eeprom.o ABSOLUTE
    ..\\Core\\Src\\i2c_ens160.c              0x00000000   Number         0  i2c_ens160.o ABSOLUTE
    ..\\Core\\Src\\i2c_sht40.c               0x00000000   Number         0  i2c_sht40.o ABSOLUTE
    ..\\Core\\Src\\mqtt.c                    0x00000000   Number         0  mqtt.o ABSOLUTE
    ..\\Core\\Src\\uart_hmi.c                0x00000000   Number         0  uart_hmi.o ABSOLUTE
    ..\\Core\\Src\\uart_ms5524m.c            0x00000000   Number         0  uart_ms5524m.o ABSOLUTE
    ..\\Core\\Src\\uart_pms7003.c            0x00000000   Number         0  uart_pms7003.o ABSOLUTE
    cdrcmple.s                               0x00000000   Number         0  cdrcmple.o ABSOLUTE
    dc.s                                     0x00000000   Number         0  dc.o ABSOLUTE
    handlers.s                               0x00000000   Number         0  handlers.o ABSOLUTE
    init.s                                   0x00000000   Number         0  init.o ABSOLUTE
    startup_stm32f103xe.s                    0x00000000   Number         0  startup_stm32f103xe.o ABSOLUTE
    RESET                                    0x08000000   Section      304  startup_stm32f103xe.o(RESET)
    .ARM.Collect$$$$00000000                 0x08000130   Section        0  entry.o(.ARM.Collect$$$$00000000)
    .ARM.Collect$$$$00000001                 0x08000130   Section        4  entry2.o(.ARM.Collect$$$$00000001)
    .ARM.Collect$$$$00000004                 0x08000134   Section        4  entry5.o(.ARM.Collect$$$$00000004)
    .ARM.Collect$$$$00000008                 0x08000138   Section        0  entry7b.o(.ARM.Collect$$$$00000008)
    .ARM.Collect$$$$0000000A                 0x08000138   Section        0  entry8b.o(.ARM.Collect$$$$0000000A)
    .ARM.Collect$$$$0000000B                 0x08000138   Section        8  entry9a.o(.ARM.Collect$$$$0000000B)
    .ARM.Collect$$$$0000000D                 0x08000140   Section        0  entry10a.o(.ARM.Collect$$$$0000000D)
    .ARM.Collect$$$$0000000F                 0x08000140   Section        0  entry11a.o(.ARM.Collect$$$$0000000F)
    .ARM.Collect$$$$00002712                 0x08000140   Section        4  entry2.o(.ARM.Collect$$$$00002712)
    __lit__00000000                          0x08000140   Data           4  entry2.o(.ARM.Collect$$$$00002712)
    .text                                    0x08000144   Section       36  startup_stm32f103xe.o(.text)
    .text                                    0x08000168   Section        0  llushr.o(.text)
    .text                                    0x08000188   Section        0  memcpya.o(.text)
    .text                                    0x080001ac   Section        0  memseta.o(.text)
    .text                                    0x080001d0   Section        0  strcat.o(.text)
    .text                                    0x080001e8   Section        0  dadd.o(.text)
    .text                                    0x08000336   Section        0  dmul.o(.text)
    .text                                    0x0800041a   Section        0  ddiv.o(.text)
    .text                                    0x080004f8   Section        0  uidiv.o(.text)
    .text                                    0x08000524   Section        0  uldiv.o(.text)
    .text                                    0x08000586   Section        0  llshl.o(.text)
    .text                                    0x080005a4   Section        0  llsshr.o(.text)
    .text                                    0x080005c8   Section        0  depilogue.o(.text)
    .text                                    0x080005c8   Section        0  iusefp.o(.text)
    .text                                    0x08000682   Section        0  dfixul.o(.text)
    .text                                    0x080006b4   Section       48  cdrcmple.o(.text)
    .text                                    0x080006e4   Section       36  init.o(.text)
    i.BusFault_Handler                       0x08000708   Section        0  stm32f1xx_it.o(i.BusFault_Handler)
    i.DMA1_Channel3_IRQHandler               0x0800070c   Section        0  stm32f1xx_it.o(i.DMA1_Channel3_IRQHandler)
    i.DMA1_Channel5_IRQHandler               0x08000718   Section        0  stm32f1xx_it.o(i.DMA1_Channel5_IRQHandler)
    i.DMA1_Channel6_IRQHandler               0x08000724   Section        0  stm32f1xx_it.o(i.DMA1_Channel6_IRQHandler)
    i.DMA2_Channel3_IRQHandler               0x08000730   Section        0  stm32f1xx_it.o(i.DMA2_Channel3_IRQHandler)
    i.DMA_SetConfig                          0x0800073c   Section        0  stm32f1xx_hal_dma.o(i.DMA_SetConfig)
    DMA_SetConfig                            0x0800073d   Thumb Code    42  stm32f1xx_hal_dma.o(i.DMA_SetConfig)
    i.DebugMon_Handler                       0x08000766   Section        0  stm32f1xx_it.o(i.DebugMon_Handler)
    i.EXTI15_10_IRQHandler                   0x08000768   Section        0  stm32f1xx_it.o(i.EXTI15_10_IRQHandler)
    i.Error_Handler                          0x08000780   Section        0  main.o(i.Error_Handler)
    i.HAL_DMA_Abort                          0x08000784   Section        0  stm32f1xx_hal_dma.o(i.HAL_DMA_Abort)
    i.HAL_DMA_Abort_IT                       0x080007cc   Section        0  stm32f1xx_hal_dma.o(i.HAL_DMA_Abort_IT)
    i.HAL_DMA_IRQHandler                     0x080008fc   Section        0  stm32f1xx_hal_dma.o(i.HAL_DMA_IRQHandler)
    i.HAL_DMA_Init                           0x08000b44   Section        0  stm32f1xx_hal_dma.o(i.HAL_DMA_Init)
    i.HAL_DMA_Start_IT                       0x08000bc0   Section        0  stm32f1xx_hal_dma.o(i.HAL_DMA_Start_IT)
    i.HAL_GPIO_EXTI_Callback                 0x08000c30   Section        0  main.o(i.HAL_GPIO_EXTI_Callback)
    i.HAL_GPIO_EXTI_IRQHandler               0x08000c5c   Section        0  stm32f1xx_hal_gpio.o(i.HAL_GPIO_EXTI_IRQHandler)
    i.HAL_GPIO_Init                          0x08000c74   Section        0  stm32f1xx_hal_gpio.o(i.HAL_GPIO_Init)
    i.HAL_GPIO_ReadPin                       0x08000e6c   Section        0  stm32f1xx_hal_gpio.o(i.HAL_GPIO_ReadPin)
    i.HAL_GPIO_WritePin                      0x08000e76   Section        0  stm32f1xx_hal_gpio.o(i.HAL_GPIO_WritePin)
    i.HAL_GetTick                            0x08000e80   Section        0  stm32f1xx_hal.o(i.HAL_GetTick)
    i.HAL_IWDG_Init                          0x08000e8c   Section        0  stm32f1xx_hal_iwdg.o(i.HAL_IWDG_Init)
    i.HAL_IWDG_Refresh                       0x08000eea   Section        0  stm32f1xx_hal_iwdg.o(i.HAL_IWDG_Refresh)
    i.HAL_IncTick                            0x08000ef8   Section        0  stm32f1xx_hal.o(i.HAL_IncTick)
    i.HAL_Init                               0x08000f08   Section        0  stm32f1xx_hal.o(i.HAL_Init)
    i.HAL_InitTick                           0x08000f2c   Section        0  stm32f1xx_hal.o(i.HAL_InitTick)
    i.HAL_MspInit                            0x08000f6c   Section        0  stm32f1xx_hal_msp.o(i.HAL_MspInit)
    i.HAL_NVIC_EnableIRQ                     0x08000fb0   Section        0  stm32f1xx_hal_cortex.o(i.HAL_NVIC_EnableIRQ)
    i.HAL_NVIC_SetPriority                   0x08000fcc   Section        0  stm32f1xx_hal_cortex.o(i.HAL_NVIC_SetPriority)
    i.HAL_NVIC_SetPriorityGrouping           0x0800100c   Section        0  stm32f1xx_hal_cortex.o(i.HAL_NVIC_SetPriorityGrouping)
    i.HAL_PWR_EnableBkUpAccess               0x08001030   Section        0  stm32f1xx_hal_pwr.o(i.HAL_PWR_EnableBkUpAccess)
    i.HAL_RCCEx_GetPeriphCLKFreq             0x0800103c   Section        0  stm32f1xx_hal_rcc_ex.o(i.HAL_RCCEx_GetPeriphCLKFreq)
    i.HAL_RCCEx_PeriphCLKConfig              0x080010f4   Section        0  stm32f1xx_hal_rcc_ex.o(i.HAL_RCCEx_PeriphCLKConfig)
    i.HAL_RCC_ClockConfig                    0x080011e0   Section        0  stm32f1xx_hal_rcc.o(i.HAL_RCC_ClockConfig)
    i.HAL_RCC_GetPCLK1Freq                   0x0800130c   Section        0  stm32f1xx_hal_rcc.o(i.HAL_RCC_GetPCLK1Freq)
    i.HAL_RCC_GetPCLK2Freq                   0x0800132c   Section        0  stm32f1xx_hal_rcc.o(i.HAL_RCC_GetPCLK2Freq)
    i.HAL_RCC_GetSysClockFreq                0x0800134c   Section        0  stm32f1xx_hal_rcc.o(i.HAL_RCC_GetSysClockFreq)
    i.HAL_RCC_OscConfig                      0x08001398   Section        0  stm32f1xx_hal_rcc.o(i.HAL_RCC_OscConfig)
    i.HAL_RTC_Init                           0x080016b8   Section        0  stm32f1xx_hal_rtc.o(i.HAL_RTC_Init)
    i.HAL_RTC_MspInit                        0x0800174c   Section        0  rtc.o(i.HAL_RTC_MspInit)
    i.HAL_RTC_SetDate                        0x08001780   Section        0  stm32f1xx_hal_rtc.o(i.HAL_RTC_SetDate)
    i.HAL_RTC_SetTime                        0x08001844   Section        0  stm32f1xx_hal_rtc.o(i.HAL_RTC_SetTime)
    i.HAL_RTC_WaitForSynchro                 0x080018f0   Section        0  stm32f1xx_hal_rtc.o(i.HAL_RTC_WaitForSynchro)
    i.HAL_SYSTICK_Config                     0x0800192a   Section        0  stm32f1xx_hal_cortex.o(i.HAL_SYSTICK_Config)
    i.HAL_TIMEx_BreakCallback                0x08001952   Section        0  stm32f1xx_hal_tim_ex.o(i.HAL_TIMEx_BreakCallback)
    i.HAL_TIMEx_CommutCallback               0x08001954   Section        0  stm32f1xx_hal_tim_ex.o(i.HAL_TIMEx_CommutCallback)
    i.HAL_TIMEx_MasterConfigSynchronization  0x08001958   Section        0  stm32f1xx_hal_tim_ex.o(i.HAL_TIMEx_MasterConfigSynchronization)
    i.HAL_TIM_Base_Init                      0x080019d4   Section        0  stm32f1xx_hal_tim.o(i.HAL_TIM_Base_Init)
    i.HAL_TIM_Base_MspInit                   0x08001a30   Section        0  tim.o(i.HAL_TIM_Base_MspInit)
    i.HAL_TIM_Base_Start_IT                  0x08001a94   Section        0  stm32f1xx_hal_tim.o(i.HAL_TIM_Base_Start_IT)
    i.HAL_TIM_Base_Stop_IT                   0x08001b00   Section        0  stm32f1xx_hal_tim.o(i.HAL_TIM_Base_Stop_IT)
    i.HAL_TIM_IC_CaptureCallback             0x08001b30   Section        0  stm32f1xx_hal_tim.o(i.HAL_TIM_IC_CaptureCallback)
    i.HAL_TIM_IRQHandler                     0x08001b32   Section        0  stm32f1xx_hal_tim.o(i.HAL_TIM_IRQHandler)
    i.HAL_TIM_OC_DelayElapsedCallback        0x08001c62   Section        0  stm32f1xx_hal_tim.o(i.HAL_TIM_OC_DelayElapsedCallback)
    i.HAL_TIM_PWM_PulseFinishedCallback      0x08001c64   Section        0  stm32f1xx_hal_tim.o(i.HAL_TIM_PWM_PulseFinishedCallback)
    i.HAL_TIM_PeriodElapsedCallback          0x08001c68   Section        0  main.o(i.HAL_TIM_PeriodElapsedCallback)
    i.HAL_TIM_TriggerCallback                0x08001cfc   Section        0  stm32f1xx_hal_tim.o(i.HAL_TIM_TriggerCallback)
    i.HAL_UARTEx_ReceiveToIdle_DMA           0x08001cfe   Section        0  stm32f1xx_hal_uart.o(i.HAL_UARTEx_ReceiveToIdle_DMA)
    i.HAL_UARTEx_ReceiveToIdle_IT            0x08001d48   Section        0  stm32f1xx_hal_uart.o(i.HAL_UARTEx_ReceiveToIdle_IT)
    i.HAL_UARTEx_RxEventCallback             0x08001d98   Section        0  main.o(i.HAL_UARTEx_RxEventCallback)
    i.HAL_UART_ErrorCallback                 0x08001fac   Section        0  main.o(i.HAL_UART_ErrorCallback)
    i.HAL_UART_IRQHandler                    0x08002120   Section        0  stm32f1xx_hal_uart.o(i.HAL_UART_IRQHandler)
    i.HAL_UART_Init                          0x0800238c   Section        0  stm32f1xx_hal_uart.o(i.HAL_UART_Init)
    i.HAL_UART_MspInit                       0x080023f0   Section        0  usart.o(i.HAL_UART_MspInit)
    i.HAL_UART_RxCpltCallback                0x080026b0   Section        0  stm32f1xx_hal_uart.o(i.HAL_UART_RxCpltCallback)
    i.HAL_UART_RxHalfCpltCallback            0x080026b2   Section        0  stm32f1xx_hal_uart.o(i.HAL_UART_RxHalfCpltCallback)
    i.HAL_UART_Transmit                      0x080026b4   Section        0  stm32f1xx_hal_uart.o(i.HAL_UART_Transmit)
    i.HAL_UART_TxCpltCallback                0x08002754   Section        0  stm32f1xx_hal_uart.o(i.HAL_UART_TxCpltCallback)
    i.HardFault_Handler                      0x08002756   Section        0  stm32f1xx_it.o(i.HardFault_Handler)
    i.IIC_Init                               0x08002758   Section        0  i2c.o(i.IIC_Init)
    i.MX_DMA_Init                            0x080027f8   Section        0  dma.o(i.MX_DMA_Init)
    i.MX_GPIO_Init                           0x08002864   Section        0  gpio.o(i.MX_GPIO_Init)
    i.MX_IWDG_Init                           0x08002934   Section        0  iwdg.o(i.MX_IWDG_Init)
    i.MX_RTC_Init                            0x08002960   Section        0  rtc.o(i.MX_RTC_Init)
    i.MX_TIM6_Init                           0x080029d0   Section        0  tim.o(i.MX_TIM6_Init)
    i.MX_TIM7_Init                           0x08002a18   Section        0  tim.o(i.MX_TIM7_Init)
    i.MX_UART4_Init                          0x08002a60   Section        0  usart.o(i.MX_UART4_Init)
    i.MX_UART5_Init                          0x08002a98   Section        0  usart.o(i.MX_UART5_Init)
    i.MX_USART1_UART_Init                    0x08002ae0   Section        0  usart.o(i.MX_USART1_UART_Init)
    i.MX_USART2_UART_Init                    0x08002b18   Section        0  usart.o(i.MX_USART2_UART_Init)
    i.MX_USART3_UART_Init                    0x08002b50   Section        0  usart.o(i.MX_USART3_UART_Init)
    i.MemManage_Handler                      0x08002b88   Section        0  stm32f1xx_it.o(i.MemManage_Handler)
    i.NMI_Handler                            0x08002b8a   Section        0  stm32f1xx_it.o(i.NMI_Handler)
    i.PendSV_Handler                         0x08002b8c   Section        0  stm32f1xx_it.o(i.PendSV_Handler)
    i.RTC_Bcd2ToByte                         0x08002b8e   Section        0  stm32f1xx_hal_rtc.o(i.RTC_Bcd2ToByte)
    RTC_Bcd2ToByte                           0x08002b8f   Thumb Code    18  stm32f1xx_hal_rtc.o(i.RTC_Bcd2ToByte)
    i.RTC_EnterInitMode                      0x08002ba0   Section        0  stm32f1xx_hal_rtc.o(i.RTC_EnterInitMode)
    RTC_EnterInitMode                        0x08002ba1   Thumb Code    52  stm32f1xx_hal_rtc.o(i.RTC_EnterInitMode)
    i.RTC_ExitInitMode                       0x08002bd4   Section        0  stm32f1xx_hal_rtc.o(i.RTC_ExitInitMode)
    RTC_ExitInitMode                         0x08002bd5   Thumb Code    54  stm32f1xx_hal_rtc.o(i.RTC_ExitInitMode)
    i.RTC_ReadAlarmCounter                   0x08002c0a   Section        0  stm32f1xx_hal_rtc.o(i.RTC_ReadAlarmCounter)
    RTC_ReadAlarmCounter                     0x08002c0b   Thumb Code    14  stm32f1xx_hal_rtc.o(i.RTC_ReadAlarmCounter)
    i.RTC_ReadTimeCounter                    0x08002c18   Section        0  stm32f1xx_hal_rtc.o(i.RTC_ReadTimeCounter)
    RTC_ReadTimeCounter                      0x08002c19   Thumb Code    32  stm32f1xx_hal_rtc.o(i.RTC_ReadTimeCounter)
    i.RTC_WeekDayNum                         0x08002c38   Section        0  stm32f1xx_hal_rtc.o(i.RTC_WeekDayNum)
    RTC_WeekDayNum                           0x08002c39   Thumb Code    86  stm32f1xx_hal_rtc.o(i.RTC_WeekDayNum)
    i.RTC_WriteAlarmCounter                  0x08002c8e   Section        0  stm32f1xx_hal_rtc.o(i.RTC_WriteAlarmCounter)
    RTC_WriteAlarmCounter                    0x08002c8f   Thumb Code    40  stm32f1xx_hal_rtc.o(i.RTC_WriteAlarmCounter)
    i.RTC_WriteTimeCounter                   0x08002cb6   Section        0  stm32f1xx_hal_rtc.o(i.RTC_WriteTimeCounter)
    RTC_WriteTimeCounter                     0x08002cb7   Thumb Code    40  stm32f1xx_hal_rtc.o(i.RTC_WriteTimeCounter)
    i.SVC_Handler                            0x08002cde   Section        0  stm32f1xx_it.o(i.SVC_Handler)
    i.SysTick_Handler                        0x08002ce0   Section        0  stm32f1xx_it.o(i.SysTick_Handler)
    i.SystemClock_Config                     0x08002ce4   Section        0  main.o(i.SystemClock_Config)
    i.SystemInit                             0x08002d66   Section        0  system_stm32f1xx.o(i.SystemInit)
    i.TIM6_IRQHandler                        0x08002d68   Section        0  stm32f1xx_it.o(i.TIM6_IRQHandler)
    i.TIM7_IRQHandler                        0x08002d74   Section        0  stm32f1xx_it.o(i.TIM7_IRQHandler)
    i.TIM_Base_SetConfig                     0x08002d80   Section        0  stm32f1xx_hal_tim.o(i.TIM_Base_SetConfig)
    i.UART4_IRQHandler                       0x08002e1c   Section        0  stm32f1xx_it.o(i.UART4_IRQHandler)
    i.UART5_IRQHandler                       0x08002e28   Section        0  stm32f1xx_it.o(i.UART5_IRQHandler)
    i.UART_DMAAbortOnError                   0x08002e34   Section        0  stm32f1xx_hal_uart.o(i.UART_DMAAbortOnError)
    UART_DMAAbortOnError                     0x08002e35   Thumb Code    16  stm32f1xx_hal_uart.o(i.UART_DMAAbortOnError)
    i.UART_DMAError                          0x08002e44   Section        0  stm32f1xx_hal_uart.o(i.UART_DMAError)
    UART_DMAError                            0x08002e45   Thumb Code    74  stm32f1xx_hal_uart.o(i.UART_DMAError)
    i.UART_DMAReceiveCplt                    0x08002e8e   Section        0  stm32f1xx_hal_uart.o(i.UART_DMAReceiveCplt)
    UART_DMAReceiveCplt                      0x08002e8f   Thumb Code   134  stm32f1xx_hal_uart.o(i.UART_DMAReceiveCplt)
    i.UART_DMARxHalfCplt                     0x08002f14   Section        0  stm32f1xx_hal_uart.o(i.UART_DMARxHalfCplt)
    UART_DMARxHalfCplt                       0x08002f15   Thumb Code    30  stm32f1xx_hal_uart.o(i.UART_DMARxHalfCplt)
    i.UART_EndRxTransfer                     0x08002f32   Section        0  stm32f1xx_hal_uart.o(i.UART_EndRxTransfer)
    UART_EndRxTransfer                       0x08002f33   Thumb Code    78  stm32f1xx_hal_uart.o(i.UART_EndRxTransfer)
    i.UART_EndTxTransfer                     0x08002f80   Section        0  stm32f1xx_hal_uart.o(i.UART_EndTxTransfer)
    UART_EndTxTransfer                       0x08002f81   Thumb Code    28  stm32f1xx_hal_uart.o(i.UART_EndTxTransfer)
    i.UART_Receive_IT                        0x08002f9c   Section        0  stm32f1xx_hal_uart.o(i.UART_Receive_IT)
    UART_Receive_IT                          0x08002f9d   Thumb Code   194  stm32f1xx_hal_uart.o(i.UART_Receive_IT)
    i.UART_SetConfig                         0x08003060   Section        0  stm32f1xx_hal_uart.o(i.UART_SetConfig)
    UART_SetConfig                           0x08003061   Thumb Code   178  stm32f1xx_hal_uart.o(i.UART_SetConfig)
    i.UART_Start_Receive_DMA                 0x08003118   Section        0  stm32f1xx_hal_uart.o(i.UART_Start_Receive_DMA)
    i.UART_Start_Receive_IT                  0x080031a8   Section        0  stm32f1xx_hal_uart.o(i.UART_Start_Receive_IT)
    i.UART_WaitOnFlagUntilTimeout            0x080031de   Section        0  stm32f1xx_hal_uart.o(i.UART_WaitOnFlagUntilTimeout)
    UART_WaitOnFlagUntilTimeout              0x080031df   Thumb Code   114  stm32f1xx_hal_uart.o(i.UART_WaitOnFlagUntilTimeout)
    i.USART1_IRQHandler                      0x08003250   Section        0  stm32f1xx_it.o(i.USART1_IRQHandler)
    i.USART2_IRQHandler                      0x0800325c   Section        0  stm32f1xx_it.o(i.USART2_IRQHandler)
    i.USART3_IRQHandler                      0x08003268   Section        0  stm32f1xx_it.o(i.USART3_IRQHandler)
    i.UsageFault_Handler                     0x08003274   Section        0  stm32f1xx_it.o(i.UsageFault_Handler)
    i.Write_Buff                             0x08003276   Section        0  main.o(i.Write_Buff)
    i.__0printf                              0x0800327c   Section        0  printfa.o(i.__0printf)
    i.__NVIC_SetPriority                     0x0800329c   Section        0  stm32f1xx_hal_cortex.o(i.__NVIC_SetPriority)
    __NVIC_SetPriority                       0x0800329d   Thumb Code    32  stm32f1xx_hal_cortex.o(i.__NVIC_SetPriority)
    i.__scatterload_copy                     0x080032bc   Section       14  handlers.o(i.__scatterload_copy)
    i.__scatterload_null                     0x080032ca   Section        2  handlers.o(i.__scatterload_null)
    i.__scatterload_zeroinit                 0x080032cc   Section       14  handlers.o(i.__scatterload_zeroinit)
    i._fp_digits                             0x080032dc   Section        0  printfa.o(i._fp_digits)
    _fp_digits                               0x080032dd   Thumb Code   366  printfa.o(i._fp_digits)
    i._printf_core                           0x08003460   Section        0  printfa.o(i._printf_core)
    _printf_core                             0x08003461   Thumb Code  1744  printfa.o(i._printf_core)
    i._printf_post_padding                   0x08003b3c   Section        0  printfa.o(i._printf_post_padding)
    _printf_post_padding                     0x08003b3d   Thumb Code    36  printfa.o(i._printf_post_padding)
    i._printf_pre_padding                    0x08003b60   Section        0  printfa.o(i._printf_pre_padding)
    _printf_pre_padding                      0x08003b61   Thumb Code    46  printfa.o(i._printf_pre_padding)
    i.data_copy_int                          0x08003b8e   Section        0  main.o(i.data_copy_int)
    i.debug_print_hmi_rx                     0x08003ba4   Section        0  main.o(i.debug_print_hmi_rx)
    debug_print_hmi_rx                       0x08003ba5   Thumb Code    62  main.o(i.debug_print_hmi_rx)
    i.debug_print_wifi_rx                    0x08003c10   Section        0  main.o(i.debug_print_wifi_rx)
    debug_print_wifi_rx                      0x08003c11   Thumb Code   128  main.o(i.debug_print_wifi_rx)
    i.delay_ms                               0x08003cd0   Section        0  i2c.o(i.delay_ms)
    i.fputc                                  0x08003cf4   Section        0  usart.o(i.fputc)
    i.hmi_data_order                         0x08003d14   Section        0  uart_hmi.o(i.hmi_data_order)
    i.hmi_task                               0x080040bc   Section        0  uart_hmi.o(i.hmi_task)
    i.ini_icon                               0x080040d8   Section        0  uart_hmi.o(i.ini_icon)
    i.main                                   0x080040fc   Section        0  main.o(i.main)
    i.stm32_reset                            0x08004254   Section        0  main.o(i.stm32_reset)
    i.system_reset                           0x0800427c   Section        0  uart_hmi.o(i.system_reset)
    i.update_hmi_interface                   0x080042a0   Section        0  uart_hmi.o(i.update_hmi_interface)
    i.update_hmi_sensordata                  0x08004304   Section        0  uart_hmi.o(i.update_hmi_sensordata)
    .constdata                               0x08004334   Section       18  stm32f1xx_hal_rcc.o(.constdata)
    aPredivFactorTable                       0x08004334   Data           2  stm32f1xx_hal_rcc.o(.constdata)
    aPLLMULFactorTable                       0x08004336   Data          16  stm32f1xx_hal_rcc.o(.constdata)
    .constdata                               0x08004346   Section       18  stm32f1xx_hal_rcc_ex.o(.constdata)
    aPredivFactorTable                       0x08004346   Data           2  stm32f1xx_hal_rcc_ex.o(.constdata)
    aPLLMULFactorTable                       0x08004348   Data          16  stm32f1xx_hal_rcc_ex.o(.constdata)
    .constdata                               0x08004358   Section       16  system_stm32f1xx.o(.constdata)
    .constdata                               0x08004368   Section        8  system_stm32f1xx.o(.constdata)
    .conststring                             0x08004370   Section       65  uart_hmi.o(.conststring)
    .data                                    0x20000000   Section       62  main.o(.data)
    .data                                    0x20000040   Section        4  usart.o(.data)
    .data                                    0x20000044   Section        1  mqtt.o(.data)
    .data                                    0x20000045   Section        1  mqtt.o(.data)
    .data                                    0x20000048   Section       55  uart_hmi.o(.data)
    hmi_last_connect_key_tick                0x20000058   Data           4  uart_hmi.o(.data)
    hmi_last_empty_warn_tick                 0x2000005c   Data           4  uart_hmi.o(.data)
    hmi_last_connect_req_tick                0x20000060   Data           4  uart_hmi.o(.data)
    .data                                    0x20000080   Section       12  stm32f1xx_hal.o(.data)
    .data                                    0x2000008c   Section        4  system_stm32f1xx.o(.data)
    .data                                    0x20000090   Section        4  stdout.o(.data)
    .bss                                     0x20000094   Section     5154  main.o(.bss)
    .bss                                     0x200014b8   Section       12  iwdg.o(.bss)
    .bss                                     0x200014c4   Section       20  rtc.o(.bss)
    .bss                                     0x200014d8   Section      144  tim.o(.bss)
    .bss                                     0x20001568   Section      632  usart.o(.bss)
    .bss                                     0x200017e0   Section       76  uart_hmi.o(.bss)
    STACK                                    0x20001830   Section     1024  startup_stm32f103xe.o(STACK)

    Global Symbols

    Symbol Name                              Value     Ov Type        Size  Object(Section)

    BuildAttributes$$THM_ISAv4$P$D$K$B$S$PE$A:L22UL41UL21$X:L11$S22US41US21$IEEE1$IW$USESV6$~STKCKD$USESV7$~SHL$OTIME$ROPI$EBA8$MICROLIB$REQ8$PRES8$EABIv2 0x00000000   Number         0  anon$$obj.o ABSOLUTE
    __ARM_use_no_argv                        0x00000000   Number         0  main.o ABSOLUTE
    _printf_a                                0x00000000   Number         0  stubs.o ABSOLUTE
    _printf_c                                0x00000000   Number         0  stubs.o ABSOLUTE
    _printf_charcount                        0x00000000   Number         0  stubs.o ABSOLUTE
    _printf_d                                0x00000000   Number         0  stubs.o ABSOLUTE
    _printf_e                                0x00000000   Number         0  stubs.o ABSOLUTE
    _printf_f                                0x00000000   Number         0  stubs.o ABSOLUTE
    _printf_flags                            0x00000000   Number         0  stubs.o ABSOLUTE
    _printf_fp_dec                           0x00000000   Number         0  stubs.o ABSOLUTE
    _printf_fp_hex                           0x00000000   Number         0  stubs.o ABSOLUTE
    _printf_g                                0x00000000   Number         0  stubs.o ABSOLUTE
    _printf_i                                0x00000000   Number         0  stubs.o ABSOLUTE
    _printf_int_dec                          0x00000000   Number         0  stubs.o ABSOLUTE
    _printf_l                                0x00000000   Number         0  stubs.o ABSOLUTE
    _printf_lc                               0x00000000   Number         0  stubs.o ABSOLUTE
    _printf_ll                               0x00000000   Number         0  stubs.o ABSOLUTE
    _printf_lld                              0x00000000   Number         0  stubs.o ABSOLUTE
    _printf_lli                              0x00000000   Number         0  stubs.o ABSOLUTE
    _printf_llo                              0x00000000   Number         0  stubs.o ABSOLUTE
    _printf_llu                              0x00000000   Number         0  stubs.o ABSOLUTE
    _printf_llx                              0x00000000   Number         0  stubs.o ABSOLUTE
    _printf_longlong_dec                     0x00000000   Number         0  stubs.o ABSOLUTE
    _printf_longlong_hex                     0x00000000   Number         0  stubs.o ABSOLUTE
    _printf_longlong_oct                     0x00000000   Number         0  stubs.o ABSOLUTE
    _printf_ls                               0x00000000   Number         0  stubs.o ABSOLUTE
    _printf_mbtowc                           0x00000000   Number         0  stubs.o ABSOLUTE
    _printf_n                                0x00000000   Number         0  stubs.o ABSOLUTE
    _printf_o                                0x00000000   Number         0  stubs.o ABSOLUTE
    _printf_p                                0x00000000   Number         0  stubs.o ABSOLUTE
    _printf_percent                          0x00000000   Number         0  stubs.o ABSOLUTE
    _printf_pre_padding                      0x00000000   Number         0  stubs.o ABSOLUTE
    _printf_return_value                     0x00000000   Number         0  stubs.o ABSOLUTE
    _printf_s                                0x00000000   Number         0  stubs.o ABSOLUTE
    _printf_sizespec                         0x00000000   Number         0  stubs.o ABSOLUTE
    _printf_str                              0x00000000   Number         0  stubs.o ABSOLUTE
    _printf_truncate_signed                  0x00000000   Number         0  stubs.o ABSOLUTE
    _printf_truncate_unsigned                0x00000000   Number         0  stubs.o ABSOLUTE
    _printf_u                                0x00000000   Number         0  stubs.o ABSOLUTE
    _printf_wc                               0x00000000   Number         0  stubs.o ABSOLUTE
    _printf_wctomb                           0x00000000   Number         0  stubs.o ABSOLUTE
    _printf_widthprec                        0x00000000   Number         0  stubs.o ABSOLUTE
    _printf_x                                0x00000000   Number         0  stubs.o ABSOLUTE
    __cpp_initialize__aeabi_                  - Undefined Weak Reference
    __cxa_finalize                            - Undefined Weak Reference
    __decompress                              - Undefined Weak Reference
    _clock_init                               - Undefined Weak Reference
    _microlib_exit                            - Undefined Weak Reference
    __Vectors_Size                           0x00000130   Number         0  startup_stm32f103xe.o ABSOLUTE
    __Vectors                                0x08000000   Data           4  startup_stm32f103xe.o(RESET)
    __Vectors_End                            0x08000130   Data           0  startup_stm32f103xe.o(RESET)
    __main                                   0x08000131   Thumb Code     0  entry.o(.ARM.Collect$$$$00000000)
    _main_stk                                0x08000131   Thumb Code     0  entry2.o(.ARM.Collect$$$$00000001)
    _main_scatterload                        0x08000135   Thumb Code     0  entry5.o(.ARM.Collect$$$$00000004)
    __main_after_scatterload                 0x08000139   Thumb Code     0  entry5.o(.ARM.Collect$$$$00000004)
    _main_clock                              0x08000139   Thumb Code     0  entry7b.o(.ARM.Collect$$$$00000008)
    _main_cpp_init                           0x08000139   Thumb Code     0  entry8b.o(.ARM.Collect$$$$0000000A)
    _main_init                               0x08000139   Thumb Code     0  entry9a.o(.ARM.Collect$$$$0000000B)
    __rt_final_cpp                           0x08000141   Thumb Code     0  entry10a.o(.ARM.Collect$$$$0000000D)
    __rt_final_exit                          0x08000141   Thumb Code     0  entry11a.o(.ARM.Collect$$$$0000000F)
    Reset_Handler                            0x08000145   Thumb Code     8  startup_stm32f103xe.o(.text)
    ADC1_2_IRQHandler                        0x0800015f   Thumb Code     0  startup_stm32f103xe.o(.text)
    ADC3_IRQHandler                          0x0800015f   Thumb Code     0  startup_stm32f103xe.o(.text)
    CAN1_RX1_IRQHandler                      0x0800015f   Thumb Code     0  startup_stm32f103xe.o(.text)
    CAN1_SCE_IRQHandler                      0x0800015f   Thumb Code     0  startup_stm32f103xe.o(.text)
    DMA1_Channel1_IRQHandler                 0x0800015f   Thumb Code     0  startup_stm32f103xe.o(.text)
    DMA1_Channel2_IRQHandler                 0x0800015f   Thumb Code     0  startup_stm32f103xe.o(.text)
    DMA1_Channel4_IRQHandler                 0x0800015f   Thumb Code     0  startup_stm32f103xe.o(.text)
    DMA1_Channel7_IRQHandler                 0x0800015f   Thumb Code     0  startup_stm32f103xe.o(.text)
    DMA2_Channel1_IRQHandler                 0x0800015f   Thumb Code     0  startup_stm32f103xe.o(.text)
    DMA2_Channel2_IRQHandler                 0x0800015f   Thumb Code     0  startup_stm32f103xe.o(.text)
    DMA2_Channel4_5_IRQHandler               0x0800015f   Thumb Code     0  startup_stm32f103xe.o(.text)
    EXTI0_IRQHandler                         0x0800015f   Thumb Code     0  startup_stm32f103xe.o(.text)
    EXTI1_IRQHandler                         0x0800015f   Thumb Code     0  startup_stm32f103xe.o(.text)
    EXTI2_IRQHandler                         0x0800015f   Thumb Code     0  startup_stm32f103xe.o(.text)
    EXTI3_IRQHandler                         0x0800015f   Thumb Code     0  startup_stm32f103xe.o(.text)
    EXTI4_IRQHandler                         0x0800015f   Thumb Code     0  startup_stm32f103xe.o(.text)
    EXTI9_5_IRQHandler                       0x0800015f   Thumb Code     0  startup_stm32f103xe.o(.text)
    FLASH_IRQHandler                         0x0800015f   Thumb Code     0  startup_stm32f103xe.o(.text)
    FSMC_IRQHandler                          0x0800015f   Thumb Code     0  startup_stm32f103xe.o(.text)
    I2C1_ER_IRQHandler                       0x0800015f   Thumb Code     0  startup_stm32f103xe.o(.text)
    I2C1_EV_IRQHandler                       0x0800015f   Thumb Code     0  startup_stm32f103xe.o(.text)
    I2C2_ER_IRQHandler                       0x0800015f   Thumb Code     0  startup_stm32f103xe.o(.text)
    I2C2_EV_IRQHandler                       0x0800015f   Thumb Code     0  startup_stm32f103xe.o(.text)
    PVD_IRQHandler                           0x0800015f   Thumb Code     0  startup_stm32f103xe.o(.text)
    RCC_IRQHandler                           0x0800015f   Thumb Code     0  startup_stm32f103xe.o(.text)
    RTC_Alarm_IRQHandler                     0x0800015f   Thumb Code     0  startup_stm32f103xe.o(.text)
    RTC_IRQHandler                           0x0800015f   Thumb Code     0  startup_stm32f103xe.o(.text)
    SDIO_IRQHandler                          0x0800015f   Thumb Code     0  startup_stm32f103xe.o(.text)
    SPI1_IRQHandler                          0x0800015f   Thumb Code     0  startup_stm32f103xe.o(.text)
    SPI2_IRQHandler                          0x0800015f   Thumb Code     0  startup_stm32f103xe.o(.text)
    SPI3_IRQHandler                          0x0800015f   Thumb Code     0  startup_stm32f103xe.o(.text)
    TAMPER_IRQHandler                        0x0800015f   Thumb Code     0  startup_stm32f103xe.o(.text)
    TIM1_BRK_IRQHandler                      0x0800015f   Thumb Code     0  startup_stm32f103xe.o(.text)
    TIM1_CC_IRQHandler                       0x0800015f   Thumb Code     0  startup_stm32f103xe.o(.text)
    TIM1_TRG_COM_IRQHandler                  0x0800015f   Thumb Code     0  startup_stm32f103xe.o(.text)
    TIM1_UP_IRQHandler                       0x0800015f   Thumb Code     0  startup_stm32f103xe.o(.text)
    TIM2_IRQHandler                          0x0800015f   Thumb Code     0  startup_stm32f103xe.o(.text)
    TIM3_IRQHandler                          0x0800015f   Thumb Code     0  startup_stm32f103xe.o(.text)
    TIM4_IRQHandler                          0x0800015f   Thumb Code     0  startup_stm32f103xe.o(.text)
    TIM5_IRQHandler                          0x0800015f   Thumb Code     0  startup_stm32f103xe.o(.text)
    TIM8_BRK_IRQHandler                      0x0800015f   Thumb Code     0  startup_stm32f103xe.o(.text)
    TIM8_CC_IRQHandler                       0x0800015f   Thumb Code     0  startup_stm32f103xe.o(.text)
    TIM8_TRG_COM_IRQHandler                  0x0800015f   Thumb Code     0  startup_stm32f103xe.o(.text)
    TIM8_UP_IRQHandler                       0x0800015f   Thumb Code     0  startup_stm32f103xe.o(.text)
    USBWakeUp_IRQHandler                     0x0800015f   Thumb Code     0  startup_stm32f103xe.o(.text)
    USB_HP_CAN1_TX_IRQHandler                0x0800015f   Thumb Code     0  startup_stm32f103xe.o(.text)
    USB_LP_CAN1_RX0_IRQHandler               0x0800015f   Thumb Code     0  startup_stm32f103xe.o(.text)
    WWDG_IRQHandler                          0x0800015f   Thumb Code     0  startup_stm32f103xe.o(.text)
    __aeabi_llsr                             0x08000169   Thumb Code    32  llushr.o(.text)
    _ll_ushift_r                             0x08000169   Thumb Code     0  llushr.o(.text)
    __aeabi_memcpy                           0x08000189   Thumb Code    36  memcpya.o(.text)
    __aeabi_memcpy4                          0x08000189   Thumb Code     0  memcpya.o(.text)
    __aeabi_memcpy8                          0x08000189   Thumb Code     0  memcpya.o(.text)
    __aeabi_memset                           0x080001ad   Thumb Code    14  memseta.o(.text)
    __aeabi_memset4                          0x080001ad   Thumb Code     0  memseta.o(.text)
    __aeabi_memset8                          0x080001ad   Thumb Code     0  memseta.o(.text)
    __aeabi_memclr                           0x080001bb   Thumb Code     4  memseta.o(.text)
    __aeabi_memclr4                          0x080001bb   Thumb Code     0  memseta.o(.text)
    __aeabi_memclr8                          0x080001bb   Thumb Code     0  memseta.o(.text)
    _memset$wrapper                          0x080001bf   Thumb Code    18  memseta.o(.text)
    strcat                                   0x080001d1   Thumb Code    24  strcat.o(.text)
    __aeabi_dadd                             0x080001e9   Thumb Code   322  dadd.o(.text)
    __aeabi_dsub                             0x0800032b   Thumb Code     6  dadd.o(.text)
    __aeabi_drsub                            0x08000331   Thumb Code     6  dadd.o(.text)
    __aeabi_dmul                             0x08000337   Thumb Code   228  dmul.o(.text)
    __aeabi_ddiv                             0x0800041b   Thumb Code   222  ddiv.o(.text)
    __aeabi_uidiv                            0x080004f9   Thumb Code     0  uidiv.o(.text)
    __aeabi_uidivmod                         0x080004f9   Thumb Code    44  uidiv.o(.text)
    __aeabi_uldivmod                         0x08000525   Thumb Code    98  uldiv.o(.text)
    __aeabi_llsl                             0x08000587   Thumb Code    30  llshl.o(.text)
    _ll_shift_l                              0x08000587   Thumb Code     0  llshl.o(.text)
    __aeabi_lasr                             0x080005a5   Thumb Code    36  llsshr.o(.text)
    _ll_sshift_r                             0x080005a5   Thumb Code     0  llsshr.o(.text)
    __I$use$fp                               0x080005c9   Thumb Code     0  iusefp.o(.text)
    _double_round                            0x080005c9   Thumb Code    30  depilogue.o(.text)
    _double_epilogue                         0x080005e7   Thumb Code   156  depilogue.o(.text)
    __aeabi_d2ulz                            0x08000683   Thumb Code    48  dfixul.o(.text)
    __aeabi_cdrcmple                         0x080006b5   Thumb Code    48  cdrcmple.o(.text)
    __scatterload                            0x080006e5   Thumb Code    28  init.o(.text)
    __scatterload_rt2                        0x080006e5   Thumb Code     0  init.o(.text)
    BusFault_Handler                         0x08000709   Thumb Code     2  stm32f1xx_it.o(i.BusFault_Handler)
    DMA1_Channel3_IRQHandler                 0x0800070d   Thumb Code     6  stm32f1xx_it.o(i.DMA1_Channel3_IRQHandler)
    DMA1_Channel5_IRQHandler                 0x08000719   Thumb Code     6  stm32f1xx_it.o(i.DMA1_Channel5_IRQHandler)
    DMA1_Channel6_IRQHandler                 0x08000725   Thumb Code     6  stm32f1xx_it.o(i.DMA1_Channel6_IRQHandler)
    DMA2_Channel3_IRQHandler                 0x08000731   Thumb Code     6  stm32f1xx_it.o(i.DMA2_Channel3_IRQHandler)
    DebugMon_Handler                         0x08000767   Thumb Code     2  stm32f1xx_it.o(i.DebugMon_Handler)
    EXTI15_10_IRQHandler                     0x08000769   Thumb Code    18  stm32f1xx_it.o(i.EXTI15_10_IRQHandler)
    Error_Handler                            0x08000781   Thumb Code     4  main.o(i.Error_Handler)
    HAL_DMA_Abort                            0x08000785   Thumb Code    70  stm32f1xx_hal_dma.o(i.HAL_DMA_Abort)
    HAL_DMA_Abort_IT                         0x080007cd   Thumb Code   296  stm32f1xx_hal_dma.o(i.HAL_DMA_Abort_IT)
    HAL_DMA_IRQHandler                       0x080008fd   Thumb Code   552  stm32f1xx_hal_dma.o(i.HAL_DMA_IRQHandler)
    HAL_DMA_Init                             0x08000b45   Thumb Code   112  stm32f1xx_hal_dma.o(i.HAL_DMA_Init)
    HAL_DMA_Start_IT                         0x08000bc1   Thumb Code   112  stm32f1xx_hal_dma.o(i.HAL_DMA_Start_IT)
    HAL_GPIO_EXTI_Callback                   0x08000c31   Thumb Code    36  main.o(i.HAL_GPIO_EXTI_Callback)
    HAL_GPIO_EXTI_IRQHandler                 0x08000c5d   Thumb Code    18  stm32f1xx_hal_gpio.o(i.HAL_GPIO_EXTI_IRQHandler)
    HAL_GPIO_Init                            0x08000c75   Thumb Code   462  stm32f1xx_hal_gpio.o(i.HAL_GPIO_Init)
    HAL_GPIO_ReadPin                         0x08000e6d   Thumb Code    10  stm32f1xx_hal_gpio.o(i.HAL_GPIO_ReadPin)
    HAL_GPIO_WritePin                        0x08000e77   Thumb Code    10  stm32f1xx_hal_gpio.o(i.HAL_GPIO_WritePin)
    HAL_GetTick                              0x08000e81   Thumb Code     6  stm32f1xx_hal.o(i.HAL_GetTick)
    HAL_IWDG_Init                            0x08000e8d   Thumb Code    94  stm32f1xx_hal_iwdg.o(i.HAL_IWDG_Init)
    HAL_IWDG_Refresh                         0x08000eeb   Thumb Code    12  stm32f1xx_hal_iwdg.o(i.HAL_IWDG_Refresh)
    HAL_IncTick                              0x08000ef9   Thumb Code    12  stm32f1xx_hal.o(i.HAL_IncTick)
    HAL_Init                                 0x08000f09   Thumb Code    32  stm32f1xx_hal.o(i.HAL_Init)
    HAL_InitTick                             0x08000f2d   Thumb Code    54  stm32f1xx_hal.o(i.HAL_InitTick)
    HAL_MspInit                              0x08000f6d   Thumb Code    58  stm32f1xx_hal_msp.o(i.HAL_MspInit)
    HAL_NVIC_EnableIRQ                       0x08000fb1   Thumb Code    26  stm32f1xx_hal_cortex.o(i.HAL_NVIC_EnableIRQ)
    HAL_NVIC_SetPriority                     0x08000fcd   Thumb Code    60  stm32f1xx_hal_cortex.o(i.HAL_NVIC_SetPriority)
    HAL_NVIC_SetPriorityGrouping             0x0800100d   Thumb Code    26  stm32f1xx_hal_cortex.o(i.HAL_NVIC_SetPriorityGrouping)
    HAL_PWR_EnableBkUpAccess                 0x08001031   Thumb Code     8  stm32f1xx_hal_pwr.o(i.HAL_PWR_EnableBkUpAccess)
    HAL_RCCEx_GetPeriphCLKFreq               0x0800103d   Thumb Code   166  stm32f1xx_hal_rcc_ex.o(i.HAL_RCCEx_GetPeriphCLKFreq)
    HAL_RCCEx_PeriphCLKConfig                0x080010f5   Thumb Code   224  stm32f1xx_hal_rcc_ex.o(i.HAL_RCCEx_PeriphCLKConfig)
    HAL_RCC_ClockConfig                      0x080011e1   Thumb Code   280  stm32f1xx_hal_rcc.o(i.HAL_RCC_ClockConfig)
    HAL_RCC_GetPCLK1Freq                     0x0800130d   Thumb Code    20  stm32f1xx_hal_rcc.o(i.HAL_RCC_GetPCLK1Freq)
    HAL_RCC_GetPCLK2Freq                     0x0800132d   Thumb Code    20  stm32f1xx_hal_rcc.o(i.HAL_RCC_GetPCLK2Freq)
    HAL_RCC_GetSysClockFreq                  0x0800134d   Thumb Code    58  stm32f1xx_hal_rcc.o(i.HAL_RCC_GetSysClockFreq)
    HAL_RCC_OscConfig                        0x08001399   Thumb Code   778  stm32f1xx_hal_rcc.o(i.HAL_RCC_OscConfig)
    HAL_RTC_Init                             0x080016b9   Thumb Code   144  stm32f1xx_hal_rtc.o(i.HAL_RTC_Init)
    HAL_RTC_MspInit                          0x0800174d   Thumb Code    40  rtc.o(i.HAL_RTC_MspInit)
    HAL_RTC_SetDate                          0x08001781   Thumb Code   192  stm32f1xx_hal_rtc.o(i.HAL_RTC_SetDate)
    HAL_RTC_SetTime                          0x08001845   Thumb Code   168  stm32f1xx_hal_rtc.o(i.HAL_RTC_SetTime)
    HAL_RTC_WaitForSynchro                   0x080018f1   Thumb Code    58  stm32f1xx_hal_rtc.o(i.HAL_RTC_WaitForSynchro)
    HAL_SYSTICK_Config                       0x0800192b   Thumb Code    40  stm32f1xx_hal_cortex.o(i.HAL_SYSTICK_Config)
    HAL_TIMEx_BreakCallback                  0x08001953   Thumb Code     2  stm32f1xx_hal_tim_ex.o(i.HAL_TIMEx_BreakCallback)
    HAL_TIMEx_CommutCallback                 0x08001955   Thumb Code     2  stm32f1xx_hal_tim_ex.o(i.HAL_TIMEx_CommutCallback)
    HAL_TIMEx_MasterConfigSynchronization    0x08001959   Thumb Code   104  stm32f1xx_hal_tim_ex.o(i.HAL_TIMEx_MasterConfigSynchronization)
    HAL_TIM_Base_Init                        0x080019d5   Thumb Code    90  stm32f1xx_hal_tim.o(i.HAL_TIM_Base_Init)
    HAL_TIM_Base_MspInit                     0x08001a31   Thumb Code    86  tim.o(i.HAL_TIM_Base_MspInit)
    HAL_TIM_Base_Start_IT                    0x08001a95   Thumb Code    88  stm32f1xx_hal_tim.o(i.HAL_TIM_Base_Start_IT)
    HAL_TIM_Base_Stop_IT                     0x08001b01   Thumb Code    48  stm32f1xx_hal_tim.o(i.HAL_TIM_Base_Stop_IT)
    HAL_TIM_IC_CaptureCallback               0x08001b31   Thumb Code     2  stm32f1xx_hal_tim.o(i.HAL_TIM_IC_CaptureCallback)
    HAL_TIM_IRQHandler                       0x08001b33   Thumb Code   304  stm32f1xx_hal_tim.o(i.HAL_TIM_IRQHandler)
    HAL_TIM_OC_DelayElapsedCallback          0x08001c63   Thumb Code     2  stm32f1xx_hal_tim.o(i.HAL_TIM_OC_DelayElapsedCallback)
    HAL_TIM_PWM_PulseFinishedCallback        0x08001c65   Thumb Code     2  stm32f1xx_hal_tim.o(i.HAL_TIM_PWM_PulseFinishedCallback)
    HAL_TIM_PeriodElapsedCallback            0x08001c69   Thumb Code    92  main.o(i.HAL_TIM_PeriodElapsedCallback)
    HAL_TIM_TriggerCallback                  0x08001cfd   Thumb Code     2  stm32f1xx_hal_tim.o(i.HAL_TIM_TriggerCallback)
    HAL_UARTEx_ReceiveToIdle_DMA             0x08001cff   Thumb Code    74  stm32f1xx_hal_uart.o(i.HAL_UARTEx_ReceiveToIdle_DMA)
    HAL_UARTEx_ReceiveToIdle_IT              0x08001d49   Thumb Code    78  stm32f1xx_hal_uart.o(i.HAL_UARTEx_ReceiveToIdle_IT)
    HAL_UARTEx_RxEventCallback               0x08001d99   Thumb Code   450  main.o(i.HAL_UARTEx_RxEventCallback)
    HAL_UART_ErrorCallback                   0x08001fad   Thumb Code   248  main.o(i.HAL_UART_ErrorCallback)
    HAL_UART_IRQHandler                      0x08002121   Thumb Code   616  stm32f1xx_hal_uart.o(i.HAL_UART_IRQHandler)
    HAL_UART_Init                            0x0800238d   Thumb Code   100  stm32f1xx_hal_uart.o(i.HAL_UART_Init)
    HAL_UART_MspInit                         0x080023f1   Thumb Code   650  usart.o(i.HAL_UART_MspInit)
    HAL_UART_RxCpltCallback                  0x080026b1   Thumb Code     2  stm32f1xx_hal_uart.o(i.HAL_UART_RxCpltCallback)
    HAL_UART_RxHalfCpltCallback              0x080026b3   Thumb Code     2  stm32f1xx_hal_uart.o(i.HAL_UART_RxHalfCpltCallback)
    HAL_UART_Transmit                        0x080026b5   Thumb Code   160  stm32f1xx_hal_uart.o(i.HAL_UART_Transmit)
    HAL_UART_TxCpltCallback                  0x08002755   Thumb Code     2  stm32f1xx_hal_uart.o(i.HAL_UART_TxCpltCallback)
    HardFault_Handler                        0x08002757   Thumb Code     2  stm32f1xx_it.o(i.HardFault_Handler)
    IIC_Init                                 0x08002759   Thumb Code   146  i2c.o(i.IIC_Init)
    MX_DMA_Init                              0x080027f9   Thumb Code   104  dma.o(i.MX_DMA_Init)
    MX_GPIO_Init                             0x08002865   Thumb Code   192  gpio.o(i.MX_GPIO_Init)
    MX_IWDG_Init                             0x08002935   Thumb Code    36  iwdg.o(i.MX_IWDG_Init)
    MX_RTC_Init                              0x08002961   Thumb Code   104  rtc.o(i.MX_RTC_Init)
    MX_TIM6_Init                             0x080029d1   Thumb Code    64  tim.o(i.MX_TIM6_Init)
    MX_TIM7_Init                             0x08002a19   Thumb Code    64  tim.o(i.MX_TIM7_Init)
    MX_UART4_Init                            0x08002a61   Thumb Code    48  usart.o(i.MX_UART4_Init)
    MX_UART5_Init                            0x08002a99   Thumb Code    64  usart.o(i.MX_UART5_Init)
    MX_USART1_UART_Init                      0x08002ae1   Thumb Code    48  usart.o(i.MX_USART1_UART_Init)
    MX_USART2_UART_Init                      0x08002b19   Thumb Code    48  usart.o(i.MX_USART2_UART_Init)
    MX_USART3_UART_Init                      0x08002b51   Thumb Code    48  usart.o(i.MX_USART3_UART_Init)
    MemManage_Handler                        0x08002b89   Thumb Code     2  stm32f1xx_it.o(i.MemManage_Handler)
    NMI_Handler                              0x08002b8b   Thumb Code     2  stm32f1xx_it.o(i.NMI_Handler)
    PendSV_Handler                           0x08002b8d   Thumb Code     2  stm32f1xx_it.o(i.PendSV_Handler)
    SVC_Handler                              0x08002cdf   Thumb Code     2  stm32f1xx_it.o(i.SVC_Handler)
    SysTick_Handler                          0x08002ce1   Thumb Code     4  stm32f1xx_it.o(i.SysTick_Handler)
    SystemClock_Config                       0x08002ce5   Thumb Code   130  main.o(i.SystemClock_Config)
    SystemInit                               0x08002d67   Thumb Code     2  system_stm32f1xx.o(i.SystemInit)
    TIM6_IRQHandler                          0x08002d69   Thumb Code     6  stm32f1xx_it.o(i.TIM6_IRQHandler)
    TIM7_IRQHandler                          0x08002d75   Thumb Code     6  stm32f1xx_it.o(i.TIM7_IRQHandler)
    TIM_Base_SetConfig                       0x08002d81   Thumb Code   134  stm32f1xx_hal_tim.o(i.TIM_Base_SetConfig)
    UART4_IRQHandler                         0x08002e1d   Thumb Code     6  stm32f1xx_it.o(i.UART4_IRQHandler)
    UART5_IRQHandler                         0x08002e29   Thumb Code     6  stm32f1xx_it.o(i.UART5_IRQHandler)
    UART_Start_Receive_DMA                   0x08003119   Thumb Code   130  stm32f1xx_hal_uart.o(i.UART_Start_Receive_DMA)
    UART_Start_Receive_IT                    0x080031a9   Thumb Code    54  stm32f1xx_hal_uart.o(i.UART_Start_Receive_IT)
    USART1_IRQHandler                        0x08003251   Thumb Code     6  stm32f1xx_it.o(i.USART1_IRQHandler)
    USART2_IRQHandler                        0x0800325d   Thumb Code     6  stm32f1xx_it.o(i.USART2_IRQHandler)
    USART3_IRQHandler                        0x08003269   Thumb Code     6  stm32f1xx_it.o(i.USART3_IRQHandler)
    UsageFault_Handler                       0x08003275   Thumb Code     2  stm32f1xx_it.o(i.UsageFault_Handler)
    Write_Buff                               0x08003277   Thumb Code     4  main.o(i.Write_Buff)
    __0printf                                0x0800327d   Thumb Code    22  printfa.o(i.__0printf)
    __1printf                                0x0800327d   Thumb Code     0  printfa.o(i.__0printf)
    __2printf                                0x0800327d   Thumb Code     0  printfa.o(i.__0printf)
    __c89printf                              0x0800327d   Thumb Code     0  printfa.o(i.__0printf)
    printf                                   0x0800327d   Thumb Code     0  printfa.o(i.__0printf)
    __scatterload_copy                       0x080032bd   Thumb Code    14  handlers.o(i.__scatterload_copy)
    __scatterload_null                       0x080032cb   Thumb Code     2  handlers.o(i.__scatterload_null)
    __scatterload_zeroinit                   0x080032cd   Thumb Code    14  handlers.o(i.__scatterload_zeroinit)
    data_copy_int                            0x08003b8f   Thumb Code    20  main.o(i.data_copy_int)
    delay_ms                                 0x08003cd1   Thumb Code    36  i2c.o(i.delay_ms)
    fputc                                    0x08003cf5   Thumb Code    26  usart.o(i.fputc)
    hmi_data_order                           0x08003d15   Thumb Code   670  uart_hmi.o(i.hmi_data_order)
    hmi_task                                 0x080040bd   Thumb Code    26  uart_hmi.o(i.hmi_task)
    ini_icon                                 0x080040d9   Thumb Code    30  uart_hmi.o(i.ini_icon)
    main                                     0x080040fd   Thumb Code   210  main.o(i.main)
    stm32_reset                              0x08004255   Thumb Code    32  main.o(i.stm32_reset)
    system_reset                             0x0800427d   Thumb Code    32  uart_hmi.o(i.system_reset)
    update_hmi_interface                     0x080042a1   Thumb Code    80  uart_hmi.o(i.update_hmi_interface)
    update_hmi_sensordata                    0x08004305   Thumb Code    38  uart_hmi.o(i.update_hmi_sensordata)
    AHBPrescTable                            0x08004358   Data          16  system_stm32f1xx.o(.constdata)
    APBPrescTable                            0x08004368   Data           8  system_stm32f1xx.o(.constdata)
    Region$$Table$$Base                      0x080043b4   Number         0  anon$$obj.o(Region$$Table)
    Region$$Table$$Limit                     0x080043d4   Number         0  anon$$obj.o(Region$$Table)
    cnt_ini_detection                        0x20000000   Data           1  main.o(.data)
    flag_key                                 0x20000001   Data           1  main.o(.data)
    sleep_status_pms                         0x20000002   Data           1  main.o(.data)
    temperature                              0x20000004   Data           2  main.o(.data)
    humidity                                 0x20000006   Data           2  main.o(.data)
    pms7003_pm1_0                            0x20000008   Data           2  main.o(.data)
    pms7003_pm2_5                            0x2000000a   Data           2  main.o(.data)
    pms7003_pm10                             0x2000000c   Data           2  main.o(.data)
    ms5524_co2                               0x2000000e   Data           2  main.o(.data)
    ms5524_tvoc                              0x20000010   Data           2  main.o(.data)
    ms5524_hcho                              0x20000012   Data           2  main.o(.data)
    value_X                                  0x20000014   Data          32  main.o(.data)
    time_task                                0x20000034   Data          10  main.o(.data)
    current_huart                            0x20000040   Data           4  usart.o(.data)
    flag_timeout                             0x20000044   Data           1  mqtt.o(.data)
    flag_recvmqtt                            0x20000045   Data           1  mqtt.o(.data)
    flag_cancel_connect                      0x20000048   Data           1  uart_hmi.o(.data)
    flag_hmi_rec                             0x20000049   Data           1  uart_hmi.o(.data)
    flag_hmi_connect_wifi                    0x2000004a   Data           1  uart_hmi.o(.data)
    flag_hmi_save_room_num                   0x2000004b   Data           1  uart_hmi.o(.data)
    group_wifi                               0x2000004c   Data           1  uart_hmi.o(.data)
    hmi_value_data1                          0x2000004e   Data           2  uart_hmi.o(.data)
    hmi_value_data2                          0x20000050   Data           2  uart_hmi.o(.data)
    room_number                              0x20000052   Data           4  uart_hmi.o(.data)
    hmi_getvalue                             0x20000064   Data           7  uart_hmi.o(.data)
    hmi_setvalue                             0x2000006b   Data          20  uart_hmi.o(.data)
    uwTickFreq                               0x20000080   Data           1  stm32f1xx_hal.o(.data)
    uwTickPrio                               0x20000084   Data           4  stm32f1xx_hal.o(.data)
    uwTick                                   0x20000088   Data           4  stm32f1xx_hal.o(.data)
    SystemCoreClock                          0x2000008c   Data           4  system_stm32f1xx.o(.data)
    __stdout                                 0x20000090   Data           4  stdout.o(.data)
    value_sensor                             0x20000094   Data          16  main.o(.bss)
    value_sensorX                            0x200000a4   Data          16  main.o(.bss)
    cnt_timer                                0x200000b4   Data          12  main.o(.bss)
    rx1                                      0x200000c0   Data        1022  main.o(.bss)
    rx2                                      0x200004be   Data        1022  main.o(.bss)
    rx3                                      0x200008bc   Data        1022  main.o(.bss)
    rx4                                      0x20000cba   Data        1022  main.o(.bss)
    rx5                                      0x200010b8   Data        1022  main.o(.bss)
    hiwdg                                    0x200014b8   Data          12  iwdg.o(.bss)
    hrtc                                     0x200014c4   Data          20  rtc.o(.bss)
    htim6                                    0x200014d8   Data          72  tim.o(.bss)
    htim7                                    0x20001520   Data          72  tim.o(.bss)
    huart4                                   0x20001568   Data          72  usart.o(.bss)
    huart5                                   0x200015b0   Data          72  usart.o(.bss)
    huart1                                   0x200015f8   Data          72  usart.o(.bss)
    huart2                                   0x20001640   Data          72  usart.o(.bss)
    huart3                                   0x20001688   Data          72  usart.o(.bss)
    hdma_uart4_rx                            0x200016d0   Data          68  usart.o(.bss)
    hdma_usart1_rx                           0x20001714   Data          68  usart.o(.bss)
    hdma_usart2_rx                           0x20001758   Data          68  usart.o(.bss)
    hdma_usart3_rx                           0x2000179c   Data          68  usart.o(.bss)
    hmi_wifi                                 0x200017e0   Data          76  uart_hmi.o(.bss)
    __initial_sp                             0x20001c30   Data           0  startup_stm32f103xe.o(STACK)



==============================================================================

Memory Map of the image

  Image Entry point : 0x08000131

  Load Region LR_IROM1 (Base: 0x08000000, Size: 0x00004468, Max: 0x00040000, ABSOLUTE)

    Execution Region ER_IROM1 (Exec base: 0x08000000, Load base: 0x08000000, Size: 0x000043d4, Max: 0x00040000, ABSOLUTE)

    Exec Addr    Load Addr    Size         Type   Attr      Idx    E Section Name        Object

    0x08000000   0x08000000   0x00000130   Data   RO            3    RESET               startup_stm32f103xe.o
    0x08000130   0x08000130   0x00000000   Code   RO         4337  * .ARM.Collect$$$$00000000  mc_w.l(entry.o)
    0x08000130   0x08000130   0x00000004   Code   RO         4631    .ARM.Collect$$$$00000001  mc_w.l(entry2.o)
    0x08000134   0x08000134   0x00000004   Code   RO         4634    .ARM.Collect$$$$00000004  mc_w.l(entry5.o)
    0x08000138   0x08000138   0x00000000   Code   RO         4636    .ARM.Collect$$$$00000008  mc_w.l(entry7b.o)
    0x08000138   0x08000138   0x00000000   Code   RO         4638    .ARM.Collect$$$$0000000A  mc_w.l(entry8b.o)
    0x08000138   0x08000138   0x00000008   Code   RO         4639    .ARM.Collect$$$$0000000B  mc_w.l(entry9a.o)
    0x08000140   0x08000140   0x00000000   Code   RO         4641    .ARM.Collect$$$$0000000D  mc_w.l(entry10a.o)
    0x08000140   0x08000140   0x00000000   Code   RO         4643    .ARM.Collect$$$$0000000F  mc_w.l(entry11a.o)
    0x08000140   0x08000140   0x00000004   Code   RO         4632    .ARM.Collect$$$$00002712  mc_w.l(entry2.o)
    0x08000144   0x08000144   0x00000024   Code   RO            4    .text               startup_stm32f103xe.o
    0x08000168   0x08000168   0x00000020   Code   RO         4340    .text               mc_w.l(llushr.o)
    0x08000188   0x08000188   0x00000024   Code   RO         4342    .text               mc_w.l(memcpya.o)
    0x080001ac   0x080001ac   0x00000024   Code   RO         4344    .text               mc_w.l(memseta.o)
    0x080001d0   0x080001d0   0x00000018   Code   RO         4346    .text               mc_w.l(strcat.o)
    0x080001e8   0x080001e8   0x0000014e   Code   RO         4613    .text               mf_w.l(dadd.o)
    0x08000336   0x08000336   0x000000e4   Code   RO         4615    .text               mf_w.l(dmul.o)
    0x0800041a   0x0800041a   0x000000de   Code   RO         4617    .text               mf_w.l(ddiv.o)
    0x080004f8   0x080004f8   0x0000002c   Code   RO         4646    .text               mc_w.l(uidiv.o)
    0x08000524   0x08000524   0x00000062   Code   RO         4648    .text               mc_w.l(uldiv.o)
    0x08000586   0x08000586   0x0000001e   Code   RO         4650    .text               mc_w.l(llshl.o)
    0x080005a4   0x080005a4   0x00000024   Code   RO         4652    .text               mc_w.l(llsshr.o)
    0x080005c8   0x080005c8   0x00000000   Code   RO         4654    .text               mc_w.l(iusefp.o)
    0x080005c8   0x080005c8   0x000000ba   Code   RO         4657    .text               mf_w.l(depilogue.o)
    0x08000682   0x08000682   0x00000030   Code   RO         4659    .text               mf_w.l(dfixul.o)
    0x080006b2   0x080006b2   0x00000002   PAD
    0x080006b4   0x080006b4   0x00000030   Code   RO         4661    .text               mf_w.l(cdrcmple.o)
    0x080006e4   0x080006e4   0x00000024   Code   RO         4663    .text               mc_w.l(init.o)
    0x08000708   0x08000708   0x00000002   Code   RO          634    i.BusFault_Handler  stm32f1xx_it.o
    0x0800070a   0x0800070a   0x00000002   PAD
    0x0800070c   0x0800070c   0x0000000c   Code   RO          635    i.DMA1_Channel3_IRQHandler  stm32f1xx_it.o
    0x08000718   0x08000718   0x0000000c   Code   RO          636    i.DMA1_Channel5_IRQHandler  stm32f1xx_it.o
    0x08000724   0x08000724   0x0000000c   Code   RO          637    i.DMA1_Channel6_IRQHandler  stm32f1xx_it.o
    0x08000730   0x08000730   0x0000000c   Code   RO          638    i.DMA2_Channel3_IRQHandler  stm32f1xx_it.o
    0x0800073c   0x0800073c   0x0000002a   Code   RO         2067    i.DMA_SetConfig     stm32f1xx_hal_dma.o
    0x08000766   0x08000766   0x00000002   Code   RO          639    i.DebugMon_Handler  stm32f1xx_it.o
    0x08000768   0x08000768   0x00000018   Code   RO          640    i.EXTI15_10_IRQHandler  stm32f1xx_it.o
    0x08000780   0x08000780   0x00000004   Code   RO           13    i.Error_Handler     main.o
    0x08000784   0x08000784   0x00000046   Code   RO         2068    i.HAL_DMA_Abort     stm32f1xx_hal_dma.o
    0x080007ca   0x080007ca   0x00000002   PAD
    0x080007cc   0x080007cc   0x00000130   Code   RO         2069    i.HAL_DMA_Abort_IT  stm32f1xx_hal_dma.o
    0x080008fc   0x080008fc   0x00000248   Code   RO         2073    i.HAL_DMA_IRQHandler  stm32f1xx_hal_dma.o
    0x08000b44   0x08000b44   0x0000007c   Code   RO         2074    i.HAL_DMA_Init      stm32f1xx_hal_dma.o
    0x08000bc0   0x08000bc0   0x00000070   Code   RO         2078    i.HAL_DMA_Start_IT  stm32f1xx_hal_dma.o
    0x08000c30   0x08000c30   0x0000002c   Code   RO           14    i.HAL_GPIO_EXTI_Callback  main.o
    0x08000c5c   0x08000c5c   0x00000018   Code   RO         2003    i.HAL_GPIO_EXTI_IRQHandler  stm32f1xx_hal_gpio.o
    0x08000c74   0x08000c74   0x000001f8   Code   RO         2004    i.HAL_GPIO_Init     stm32f1xx_hal_gpio.o
    0x08000e6c   0x08000e6c   0x0000000a   Code   RO         2006    i.HAL_GPIO_ReadPin  stm32f1xx_hal_gpio.o
    0x08000e76   0x08000e76   0x0000000a   Code   RO         2008    i.HAL_GPIO_WritePin  stm32f1xx_hal_gpio.o
    0x08000e80   0x08000e80   0x0000000c   Code   RO         1698    i.HAL_GetTick       stm32f1xx_hal.o
    0x08000e8c   0x08000e8c   0x0000005e   Code   RO         2664    i.HAL_IWDG_Init     stm32f1xx_hal_iwdg.o
    0x08000eea   0x08000eea   0x0000000c   Code   RO         2665    i.HAL_IWDG_Refresh  stm32f1xx_hal_iwdg.o
    0x08000ef6   0x08000ef6   0x00000002   PAD
    0x08000ef8   0x08000ef8   0x00000010   Code   RO         1704    i.HAL_IncTick       stm32f1xx_hal.o
    0x08000f08   0x08000f08   0x00000024   Code   RO         1705    i.HAL_Init          stm32f1xx_hal.o
    0x08000f2c   0x08000f2c   0x00000040   Code   RO         1706    i.HAL_InitTick      stm32f1xx_hal.o
    0x08000f6c   0x08000f6c   0x00000044   Code   RO          778    i.HAL_MspInit       stm32f1xx_hal_msp.o
    0x08000fb0   0x08000fb0   0x0000001a   Code   RO         2164    i.HAL_NVIC_EnableIRQ  stm32f1xx_hal_cortex.o
    0x08000fca   0x08000fca   0x00000002   PAD
    0x08000fcc   0x08000fcc   0x00000040   Code   RO         2170    i.HAL_NVIC_SetPriority  stm32f1xx_hal_cortex.o
    0x0800100c   0x0800100c   0x00000024   Code   RO         2171    i.HAL_NVIC_SetPriorityGrouping  stm32f1xx_hal_cortex.o
    0x08001030   0x08001030   0x0000000c   Code   RO         2286    i.HAL_PWR_EnableBkUpAccess  stm32f1xx_hal_pwr.o
    0x0800103c   0x0800103c   0x000000b8   Code   RO         1965    i.HAL_RCCEx_GetPeriphCLKFreq  stm32f1xx_hal_rcc_ex.o
    0x080010f4   0x080010f4   0x000000ec   Code   RO         1966    i.HAL_RCCEx_PeriphCLKConfig  stm32f1xx_hal_rcc_ex.o
    0x080011e0   0x080011e0   0x0000012c   Code   RO         1862    i.HAL_RCC_ClockConfig  stm32f1xx_hal_rcc.o
    0x0800130c   0x0800130c   0x00000020   Code   RO         1869    i.HAL_RCC_GetPCLK1Freq  stm32f1xx_hal_rcc.o
    0x0800132c   0x0800132c   0x00000020   Code   RO         1870    i.HAL_RCC_GetPCLK2Freq  stm32f1xx_hal_rcc.o
    0x0800134c   0x0800134c   0x0000004c   Code   RO         1871    i.HAL_RCC_GetSysClockFreq  stm32f1xx_hal_rcc.o
    0x08001398   0x08001398   0x00000320   Code   RO         1874    i.HAL_RCC_OscConfig  stm32f1xx_hal_rcc.o
    0x080016b8   0x080016b8   0x00000094   Code   RO         2702    i.HAL_RTC_Init      stm32f1xx_hal_rtc.o
    0x0800174c   0x0800174c   0x00000034   Code   RO          472    i.HAL_RTC_MspInit   rtc.o
    0x08001780   0x08001780   0x000000c4   Code   RO         2708    i.HAL_RTC_SetDate   stm32f1xx_hal_rtc.o
    0x08001844   0x08001844   0x000000ac   Code   RO         2709    i.HAL_RTC_SetTime   stm32f1xx_hal_rtc.o
    0x080018f0   0x080018f0   0x0000003a   Code   RO         2710    i.HAL_RTC_WaitForSynchro  stm32f1xx_hal_rtc.o
    0x0800192a   0x0800192a   0x00000028   Code   RO         2175    i.HAL_SYSTICK_Config  stm32f1xx_hal_cortex.o
    0x08001952   0x08001952   0x00000002   Code   RO         3672    i.HAL_TIMEx_BreakCallback  stm32f1xx_hal_tim_ex.o
    0x08001954   0x08001954   0x00000002   Code   RO         3673    i.HAL_TIMEx_CommutCallback  stm32f1xx_hal_tim_ex.o
    0x08001956   0x08001956   0x00000002   PAD
    0x08001958   0x08001958   0x0000007c   Code   RO         3691    i.HAL_TIMEx_MasterConfigSynchronization  stm32f1xx_hal_tim_ex.o
    0x080019d4   0x080019d4   0x0000005a   Code   RO         2968    i.HAL_TIM_Base_Init  stm32f1xx_hal_tim.o
    0x08001a2e   0x08001a2e   0x00000002   PAD
    0x08001a30   0x08001a30   0x00000064   Code   RO          514    i.HAL_TIM_Base_MspInit  tim.o
    0x08001a94   0x08001a94   0x0000006c   Code   RO         2973    i.HAL_TIM_Base_Start_IT  stm32f1xx_hal_tim.o
    0x08001b00   0x08001b00   0x00000030   Code   RO         2976    i.HAL_TIM_Base_Stop_IT  stm32f1xx_hal_tim.o
    0x08001b30   0x08001b30   0x00000002   Code   RO         3002    i.HAL_TIM_IC_CaptureCallback  stm32f1xx_hal_tim.o
    0x08001b32   0x08001b32   0x00000130   Code   RO         3016    i.HAL_TIM_IRQHandler  stm32f1xx_hal_tim.o
    0x08001c62   0x08001c62   0x00000002   Code   RO         3019    i.HAL_TIM_OC_DelayElapsedCallback  stm32f1xx_hal_tim.o
    0x08001c64   0x08001c64   0x00000002   Code   RO         3046    i.HAL_TIM_PWM_PulseFinishedCallback  stm32f1xx_hal_tim.o
    0x08001c66   0x08001c66   0x00000002   PAD
    0x08001c68   0x08001c68   0x00000094   Code   RO           15    i.HAL_TIM_PeriodElapsedCallback  main.o
    0x08001cfc   0x08001cfc   0x00000002   Code   RO         3059    i.HAL_TIM_TriggerCallback  stm32f1xx_hal_tim.o
    0x08001cfe   0x08001cfe   0x0000004a   Code   RO         3949    i.HAL_UARTEx_ReceiveToIdle_DMA  stm32f1xx_hal_uart.o
    0x08001d48   0x08001d48   0x0000004e   Code   RO         3950    i.HAL_UARTEx_ReceiveToIdle_IT  stm32f1xx_hal_uart.o
    0x08001d96   0x08001d96   0x00000002   PAD
    0x08001d98   0x08001d98   0x00000214   Code   RO           16    i.HAL_UARTEx_RxEventCallback  main.o
    0x08001fac   0x08001fac   0x00000174   Code   RO           17    i.HAL_UART_ErrorCallback  main.o
    0x08002120   0x08002120   0x0000026c   Code   RO         3968    i.HAL_UART_IRQHandler  stm32f1xx_hal_uart.o
    0x0800238c   0x0800238c   0x00000064   Code   RO         3969    i.HAL_UART_Init     stm32f1xx_hal_uart.o
    0x080023f0   0x080023f0   0x000002c0   Code   RO          562    i.HAL_UART_MspInit  usart.o
    0x080026b0   0x080026b0   0x00000002   Code   RO         3975    i.HAL_UART_RxCpltCallback  stm32f1xx_hal_uart.o
    0x080026b2   0x080026b2   0x00000002   Code   RO         3976    i.HAL_UART_RxHalfCpltCallback  stm32f1xx_hal_uart.o
    0x080026b4   0x080026b4   0x000000a0   Code   RO         3977    i.HAL_UART_Transmit  stm32f1xx_hal_uart.o
    0x08002754   0x08002754   0x00000002   Code   RO         3980    i.HAL_UART_TxCpltCallback  stm32f1xx_hal_uart.o
    0x08002756   0x08002756   0x00000002   Code   RO          641    i.HardFault_Handler  stm32f1xx_it.o
    0x08002758   0x08002758   0x000000a0   Code   RO          364    i.IIC_Init          i2c.o
    0x080027f8   0x080027f8   0x0000006c   Code   RO          339    i.MX_DMA_Init       dma.o
    0x08002864   0x08002864   0x000000d0   Code   RO          304    i.MX_GPIO_Init      gpio.o
    0x08002934   0x08002934   0x0000002c   Code   RO          441    i.MX_IWDG_Init      iwdg.o
    0x08002960   0x08002960   0x00000070   Code   RO          473    i.MX_RTC_Init       rtc.o
    0x080029d0   0x080029d0   0x00000048   Code   RO          515    i.MX_TIM6_Init      tim.o
    0x08002a18   0x08002a18   0x00000048   Code   RO          516    i.MX_TIM7_Init      tim.o
    0x08002a60   0x08002a60   0x00000038   Code   RO          563    i.MX_UART4_Init     usart.o
    0x08002a98   0x08002a98   0x00000048   Code   RO          564    i.MX_UART5_Init     usart.o
    0x08002ae0   0x08002ae0   0x00000038   Code   RO          565    i.MX_USART1_UART_Init  usart.o
    0x08002b18   0x08002b18   0x00000038   Code   RO          566    i.MX_USART2_UART_Init  usart.o
    0x08002b50   0x08002b50   0x00000038   Code   RO          567    i.MX_USART3_UART_Init  usart.o
    0x08002b88   0x08002b88   0x00000002   Code   RO          642    i.MemManage_Handler  stm32f1xx_it.o
    0x08002b8a   0x08002b8a   0x00000002   Code   RO          643    i.NMI_Handler       stm32f1xx_it.o
    0x08002b8c   0x08002b8c   0x00000002   Code   RO          644    i.PendSV_Handler    stm32f1xx_it.o
    0x08002b8e   0x08002b8e   0x00000012   Code   RO         2711    i.RTC_Bcd2ToByte    stm32f1xx_hal_rtc.o
    0x08002ba0   0x08002ba0   0x00000034   Code   RO         2714    i.RTC_EnterInitMode  stm32f1xx_hal_rtc.o
    0x08002bd4   0x08002bd4   0x00000036   Code   RO         2715    i.RTC_ExitInitMode  stm32f1xx_hal_rtc.o
    0x08002c0a   0x08002c0a   0x0000000e   Code   RO         2716    i.RTC_ReadAlarmCounter  stm32f1xx_hal_rtc.o
    0x08002c18   0x08002c18   0x00000020   Code   RO         2717    i.RTC_ReadTimeCounter  stm32f1xx_hal_rtc.o
    0x08002c38   0x08002c38   0x00000056   Code   RO         2718    i.RTC_WeekDayNum    stm32f1xx_hal_rtc.o
    0x08002c8e   0x08002c8e   0x00000028   Code   RO         2719    i.RTC_WriteAlarmCounter  stm32f1xx_hal_rtc.o
    0x08002cb6   0x08002cb6   0x00000028   Code   RO         2720    i.RTC_WriteTimeCounter  stm32f1xx_hal_rtc.o
    0x08002cde   0x08002cde   0x00000002   Code   RO          645    i.SVC_Handler       stm32f1xx_it.o
    0x08002ce0   0x08002ce0   0x00000004   Code   RO          646    i.SysTick_Handler   stm32f1xx_it.o
    0x08002ce4   0x08002ce4   0x00000082   Code   RO           18    i.SystemClock_Config  main.o
    0x08002d66   0x08002d66   0x00000002   Code   RO         4303    i.SystemInit        system_stm32f1xx.o
    0x08002d68   0x08002d68   0x0000000c   Code   RO          647    i.TIM6_IRQHandler   stm32f1xx_it.o
    0x08002d74   0x08002d74   0x0000000c   Code   RO          648    i.TIM7_IRQHandler   stm32f1xx_it.o
    0x08002d80   0x08002d80   0x0000009c   Code   RO         3061    i.TIM_Base_SetConfig  stm32f1xx_hal_tim.o
    0x08002e1c   0x08002e1c   0x0000000c   Code   RO          649    i.UART4_IRQHandler  stm32f1xx_it.o
    0x08002e28   0x08002e28   0x0000000c   Code   RO          650    i.UART5_IRQHandler  stm32f1xx_it.o
    0x08002e34   0x08002e34   0x00000010   Code   RO         3982    i.UART_DMAAbortOnError  stm32f1xx_hal_uart.o
    0x08002e44   0x08002e44   0x0000004a   Code   RO         3983    i.UART_DMAError     stm32f1xx_hal_uart.o
    0x08002e8e   0x08002e8e   0x00000086   Code   RO         3984    i.UART_DMAReceiveCplt  stm32f1xx_hal_uart.o
    0x08002f14   0x08002f14   0x0000001e   Code   RO         3986    i.UART_DMARxHalfCplt  stm32f1xx_hal_uart.o
    0x08002f32   0x08002f32   0x0000004e   Code   RO         3992    i.UART_EndRxTransfer  stm32f1xx_hal_uart.o
    0x08002f80   0x08002f80   0x0000001c   Code   RO         3993    i.UART_EndTxTransfer  stm32f1xx_hal_uart.o
    0x08002f9c   0x08002f9c   0x000000c2   Code   RO         3994    i.UART_Receive_IT   stm32f1xx_hal_uart.o
    0x0800305e   0x0800305e   0x00000002   PAD
    0x08003060   0x08003060   0x000000b8   Code   RO         3995    i.UART_SetConfig    stm32f1xx_hal_uart.o
    0x08003118   0x08003118   0x00000090   Code   RO         3996    i.UART_Start_Receive_DMA  stm32f1xx_hal_uart.o
    0x080031a8   0x080031a8   0x00000036   Code   RO         3997    i.UART_Start_Receive_IT  stm32f1xx_hal_uart.o
    0x080031de   0x080031de   0x00000072   Code   RO         3998    i.UART_WaitOnFlagUntilTimeout  stm32f1xx_hal_uart.o
    0x08003250   0x08003250   0x0000000c   Code   RO          651    i.USART1_IRQHandler  stm32f1xx_it.o
    0x0800325c   0x0800325c   0x0000000c   Code   RO          652    i.USART2_IRQHandler  stm32f1xx_it.o
    0x08003268   0x08003268   0x0000000c   Code   RO          653    i.USART3_IRQHandler  stm32f1xx_it.o
    0x08003274   0x08003274   0x00000002   Code   RO          654    i.UsageFault_Handler  stm32f1xx_it.o
    0x08003276   0x08003276   0x00000004   Code   RO           19    i.Write_Buff        main.o
    0x0800327a   0x0800327a   0x00000002   PAD
    0x0800327c   0x0800327c   0x00000020   Code   RO         4583    i.__0printf         mc_w.l(printfa.o)
    0x0800329c   0x0800329c   0x00000020   Code   RO         2177    i.__NVIC_SetPriority  stm32f1xx_hal_cortex.o
    0x080032bc   0x080032bc   0x0000000e   Code   RO         4667    i.__scatterload_copy  mc_w.l(handlers.o)
    0x080032ca   0x080032ca   0x00000002   Code   RO         4668    i.__scatterload_null  mc_w.l(handlers.o)
    0x080032cc   0x080032cc   0x0000000e   Code   RO         4669    i.__scatterload_zeroinit  mc_w.l(handlers.o)
    0x080032da   0x080032da   0x00000002   PAD
    0x080032dc   0x080032dc   0x00000184   Code   RO         4590    i._fp_digits        mc_w.l(printfa.o)
    0x08003460   0x08003460   0x000006dc   Code   RO         4591    i._printf_core      mc_w.l(printfa.o)
    0x08003b3c   0x08003b3c   0x00000024   Code   RO         4592    i._printf_post_padding  mc_w.l(printfa.o)
    0x08003b60   0x08003b60   0x0000002e   Code   RO         4593    i._printf_pre_padding  mc_w.l(printfa.o)
    0x08003b8e   0x08003b8e   0x00000014   Code   RO           21    i.data_copy_int     main.o
    0x08003ba2   0x08003ba2   0x00000002   PAD
    0x08003ba4   0x08003ba4   0x0000006c   Code   RO           22    i.debug_print_hmi_rx  main.o
    0x08003c10   0x08003c10   0x000000c0   Code   RO           23    i.debug_print_wifi_rx  main.o
    0x08003cd0   0x08003cd0   0x00000024   Code   RO          371    i.delay_ms          i2c.o
    0x08003cf4   0x08003cf4   0x00000020   Code   RO          568    i.fputc             usart.o
    0x08003d14   0x08003d14   0x000003a8   Code   RO         1109    i.hmi_data_order    uart_hmi.o
    0x080040bc   0x080040bc   0x0000001a   Code   RO         1110    i.hmi_task          uart_hmi.o
    0x080040d6   0x080040d6   0x00000002   PAD
    0x080040d8   0x080040d8   0x00000024   Code   RO         1111    i.ini_icon          uart_hmi.o
    0x080040fc   0x080040fc   0x00000158   Code   RO           24    i.main              main.o
    0x08004254   0x08004254   0x00000028   Code   RO           26    i.stm32_reset       main.o
    0x0800427c   0x0800427c   0x00000024   Code   RO         1114    i.system_reset      uart_hmi.o
    0x080042a0   0x080042a0   0x00000064   Code   RO         1115    i.update_hmi_interface  uart_hmi.o
    0x08004304   0x08004304   0x00000030   Code   RO         1116    i.update_hmi_sensordata  uart_hmi.o
    0x08004334   0x08004334   0x00000012   Data   RO         1875    .constdata          stm32f1xx_hal_rcc.o
    0x08004346   0x08004346   0x00000012   Data   RO         1967    .constdata          stm32f1xx_hal_rcc_ex.o
    0x08004358   0x08004358   0x00000010   Data   RO         4304    .constdata          system_stm32f1xx.o
    0x08004368   0x08004368   0x00000008   Data   RO         4305    .constdata          system_stm32f1xx.o
    0x08004370   0x08004370   0x00000041   Data   RO         1119    .conststring        uart_hmi.o
    0x080043b1   0x080043b1   0x00000003   PAD
    0x080043b4   0x080043b4   0x00000020   Data   RO         4665    Region$$Table       anon$$obj.o


    Execution Region RW_IRAM1 (Exec base: 0x20000000, Load base: 0x080043d4, Size: 0x00001c30, Max: 0x0000c000, ABSOLUTE)

    Exec Addr    Load Addr    Size         Type   Attr      Idx    E Section Name        Object

    0x20000000   0x080043d4   0x0000003e   Data   RW           31    .data               main.o
    0x2000003e   0x08004412   0x00000002   PAD
    0x20000040   0x08004414   0x00000004   Data   RW          570    .data               usart.o
    0x20000044   0x08004418   0x00000001   Data   RW         1060    .data               mqtt.o
    0x20000045   0x08004419   0x00000001   Data   RW         1061    .data               mqtt.o
    0x20000046   0x0800441a   0x00000002   PAD
    0x20000048   0x0800441c   0x00000037   Data   RW         1120    .data               uart_hmi.o
    0x2000007f   0x08004453   0x00000001   PAD
    0x20000080   0x08004454   0x0000000c   Data   RW         1712    .data               stm32f1xx_hal.o
    0x2000008c   0x08004460   0x00000004   Data   RW         4306    .data               system_stm32f1xx.o
    0x20000090   0x08004464   0x00000004   Data   RW         4645    .data               mc_w.l(stdout.o)
    0x20000094        -       0x00001422   Zero   RW           27    .bss                main.o
    0x200014b6   0x08004468   0x00000002   PAD
    0x200014b8        -       0x0000000c   Zero   RW          442    .bss                iwdg.o
    0x200014c4        -       0x00000014   Zero   RW          474    .bss                rtc.o
    0x200014d8        -       0x00000090   Zero   RW          517    .bss                tim.o
    0x20001568        -       0x00000278   Zero   RW          569    .bss                usart.o
    0x200017e0        -       0x0000004c   Zero   RW         1118    .bss                uart_hmi.o
    0x2000182c   0x08004468   0x00000004   PAD
    0x20001830        -       0x00000400   Zero   RW            1    STACK               startup_stm32f103xe.o


==============================================================================

Image component sizes


      Code (inc. data)   RO Data    RW Data    ZI Data      Debug   Object Name

       108          4          0          0          0        806   dma.o
       208         16          0          0          0        975   gpio.o
       196         14          0          0          0       1410   i2c.o
        44          8          0          0         12        695   iwdg.o
      1938        522          0         62       5154     534833   main.o
         0          0          0          2          0       2567   mqtt.o
       164         20          0          0         20       1559   rtc.o
        36          8        304          0       1024        796   startup_stm32f103xe.o
       128         24          0         12          0       5865   stm32f1xx_hal.o
       198         14          0          0          0      28911   stm32f1xx_hal_cortex.o
      1236         52          0          0          0       5082   stm32f1xx_hal_dma.o
       548         48          0          0          0       4098   stm32f1xx_hal_gpio.o
       106          0          0          0          0       1843   stm32f1xx_hal_iwdg.o
        68         10          0          0          0        858   stm32f1xx_hal_msp.o
        12          4          0          0          0        507   stm32f1xx_hal_pwr.o
      1240         84         18          0          0       5088   stm32f1xx_hal_rcc.o
       420         30         18          0          0       2501   stm32f1xx_hal_rcc_ex.o
       910         12          0          0          0       9308   stm32f1xx_hal_rtc.o
       714         42          0          0          0       7228   stm32f1xx_hal_tim.o
       128         20          0          0          0       2385   stm32f1xx_hal_tim_ex.o
      2088         24          0          0          0      15178   stm32f1xx_hal_uart.o
       176         72          0          0          0       9067   stm32f1xx_it.o
         2          0         24          4          0       1103   system_stm32f1xx.o
       244         30          0          0        144       2147   tim.o
      1182        306         65         55         76       6274   uart_hmi.o
      1032        100          0          4        632       5347   usart.o

    ----------------------------------------------------------------------
     13150       1464        464        144       7068     656431   Object Totals
         0          0         32          0          0          0   (incl. Generated)
        24          0          3          5          6          0   (incl. Padding)

    ----------------------------------------------------------------------

      Code (inc. data)   RO Data    RW Data    ZI Data      Debug   Library Member Name

         0          0          0          0          0          0   entry.o
         0          0          0          0          0          0   entry10a.o
         0          0          0          0          0          0   entry11a.o
         8          4          0          0          0          0   entry2.o
         4          0          0          0          0          0   entry5.o
         0          0          0          0          0          0   entry7b.o
         0          0          0          0          0          0   entry8b.o
         8          4          0          0          0          0   entry9a.o
        30          0          0          0          0          0   handlers.o
        36          8          0          0          0         68   init.o
         0          0          0          0          0          0   iusefp.o
        30          0          0          0          0         68   llshl.o
        36          0          0          0          0         68   llsshr.o
        32          0          0          0          0         68   llushr.o
        36          0          0          0          0         68   memcpya.o
        36          0          0          0          0        108   memseta.o
      2258         90          0          0          0        452   printfa.o
         0          0          0          4          0          0   stdout.o
        24          0          0          0          0         68   strcat.o
        44          0          0          0          0         80   uidiv.o
        98          0          0          0          0         92   uldiv.o
        48          0          0          0          0         68   cdrcmple.o
       334          0          0          0          0        148   dadd.o
       222          0          0          0          0        100   ddiv.o
       186          0          0          0          0        176   depilogue.o
        48          0          0          0          0         68   dfixul.o
       228          0          0          0          0         96   dmul.o

    ----------------------------------------------------------------------
      3750        106          0          4          0       1796   Library Totals
         4          0          0          0          0          0   (incl. Padding)

    ----------------------------------------------------------------------

      Code (inc. data)   RO Data    RW Data    ZI Data      Debug   Library Name

      2680        106          0          4          0       1140   mc_w.l
      1066          0          0          0          0        656   mf_w.l

    ----------------------------------------------------------------------
      3750        106          0          4          0       1796   Library Totals

    ----------------------------------------------------------------------

==============================================================================


      Code (inc. data)   RO Data    RW Data    ZI Data      Debug   

     16900       1570        464        148       7068     650839   Grand Totals
     16900       1570        464        148       7068     650839   ELF Image Totals
     16900       1570        464        148          0          0   ROM Totals

==============================================================================

    Total RO  Size (Code + RO Data)                17364 (  16.96kB)
    Total RW  Size (RW Data + ZI Data)              7216 (   7.05kB)
    Total ROM Size (Code + RO Data + RW Data)      17512 (  17.10kB)

==============================================================================

